<!doctype html public "-//w3c//dtd html 4.0 transitional//en">
<html><head>
<title>Static Call Graph - [.\Objects\uart_07.axf]</title></head>
<body><HR>
<H1>Static Call Graph for image .\Objects\uart_07.axf</H1><HR>
<BR><P>#&#060CALLGRAPH&#062# ARM Linker, 5060300: Last Updated: Fri Jun 21 18:17:14 2019
<BR><P>
<H3>Maximum Stack Usage =        936 bytes + Unknown(Functions without stacksize, Cycles, Untraceable Function Pointers)</H3><H3>
Call chain for Maximum Stack Depth:</H3>
main &rArr; System_Init &rArr; Reset_Process &rArr; Reset_All_LCD_Chs &rArr; Reset_LCD_Ch &rArr; Reset_LCD_Cur_Data_Status_Para &rArr; Error_or_Warning_LCD_Proc &rArr; Comm_Error_Proc &rArr; LCD_Disp_Num &rArr;  Error_or_Warning_LCD_Proc (Cycle)
<P>
<H3>
Functions with no stack information
</H3><UL>
 <LI><a href="#[18]">Reset_Handler</a>
 <LI><a href="#[3c]">__user_initial_stackheap</a>
 <LI><a href="#[19]">Undef_Handler</a>
 <LI><a href="#[1a]">SWI_Handler</a>
 <LI><a href="#[1b]">PAbt_Handler</a>
 <LI><a href="#[1c]">DAbt_Handler</a>
 <LI><a href="#[1d]">IRQ_Handler</a>
 <LI><a href="#[1e]">FIQ_Handler</a>
</UL>
</UL>
<P>
<H3>
Mutually Recursive functions
</H3> <LI><a href="#[75]">Error_or_Warning_UART_Proc</a>&nbsp;&nbsp;&nbsp;&rArr;&nbsp;&nbsp;&nbsp;<a href="#[5c]">Comm_Error_Proc</a><BR>
 <LI><a href="#[45]">Error_or_Warning_Proc</a>&nbsp;&nbsp;&nbsp;&rArr;&nbsp;&nbsp;&nbsp;<a href="#[5c]">Comm_Error_Proc</a><BR>
 <LI><a href="#[8a]">LCD_From_Loc_to_XY</a>&nbsp;&nbsp;&nbsp;&rArr;&nbsp;&nbsp;&nbsp;<a href="#[73]">Error_or_Warning_LCD_Proc</a><BR>
 <LI><a href="#[8b]">LCD_Write_Data_to_IO_Ch</a>&nbsp;&nbsp;&nbsp;&rArr;&nbsp;&nbsp;&nbsp;<a href="#[73]">Error_or_Warning_LCD_Proc</a><BR>
 <LI><a href="#[90]">LCD_Read_Data_from_IO_Ch</a>&nbsp;&nbsp;&nbsp;&rArr;&nbsp;&nbsp;&nbsp;<a href="#[73]">Error_or_Warning_LCD_Proc</a><BR>
 <LI><a href="#[86]">LCD_Read_Command</a>&nbsp;&nbsp;&nbsp;&rArr;&nbsp;&nbsp;&nbsp;<a href="#[73]">Error_or_Warning_LCD_Proc</a><BR>
 <LI><a href="#[85]">LCD_Check_Busy</a>&nbsp;&nbsp;&nbsp;&rArr;&nbsp;&nbsp;&nbsp;<a href="#[73]">Error_or_Warning_LCD_Proc</a><BR>
 <LI><a href="#[60]">LCD_Disp_Char</a>&nbsp;&nbsp;&nbsp;&rArr;&nbsp;&nbsp;&nbsp;<a href="#[73]">Error_or_Warning_LCD_Proc</a><BR>
 <LI><a href="#[4e]">LCD_Disp_Str</a>&nbsp;&nbsp;&nbsp;&rArr;&nbsp;&nbsp;&nbsp;<a href="#[73]">Error_or_Warning_LCD_Proc</a><BR>
 <LI><a href="#[61]">LCD_Disp_Num</a>&nbsp;&nbsp;&nbsp;&rArr;&nbsp;&nbsp;&nbsp;<a href="#[73]">Error_or_Warning_LCD_Proc</a><BR>
 <LI><a href="#[88]">LCD_Write_Command</a>&nbsp;&nbsp;&nbsp;&rArr;&nbsp;&nbsp;&nbsp;<a href="#[73]">Error_or_Warning_LCD_Proc</a><BR>
 <LI><a href="#[4d]">LCD_Disp_Goto_XY</a>&nbsp;&nbsp;&nbsp;&rArr;&nbsp;&nbsp;&nbsp;<a href="#[73]">Error_or_Warning_LCD_Proc</a><BR>
 <LI><a href="#[19]">Undef_Handler</a>&nbsp;&nbsp;&nbsp;&rArr;&nbsp;&nbsp;&nbsp;<a href="#[19]">Undef_Handler</a><BR>
 <LI><a href="#[1a]">SWI_Handler</a>&nbsp;&nbsp;&nbsp;&rArr;&nbsp;&nbsp;&nbsp;<a href="#[1a]">SWI_Handler</a><BR>
 <LI><a href="#[1b]">PAbt_Handler</a>&nbsp;&nbsp;&nbsp;&rArr;&nbsp;&nbsp;&nbsp;<a href="#[1b]">PAbt_Handler</a><BR>
 <LI><a href="#[1c]">DAbt_Handler</a>&nbsp;&nbsp;&nbsp;&rArr;&nbsp;&nbsp;&nbsp;<a href="#[1c]">DAbt_Handler</a><BR>
 <LI><a href="#[1d]">IRQ_Handler</a>&nbsp;&nbsp;&nbsp;&rArr;&nbsp;&nbsp;&nbsp;<a href="#[1d]">IRQ_Handler</a><BR>
 <LI><a href="#[1e]">FIQ_Handler</a>&nbsp;&nbsp;&nbsp;&rArr;&nbsp;&nbsp;&nbsp;<a href="#[1e]">FIQ_Handler</a><BR>
</UL>
<P>
<H3>
Function Pointers
</H3><UL>
 <LI><a href="#[1c]">DAbt_Handler</a> from startup.o(RESET) referenced from startup.o(RESET)
 <LI><a href="#[1e]">FIQ_Handler</a> from startup.o(RESET) referenced from startup.o(RESET)
 <LI><a href="#[1d]">IRQ_Handler</a> from startup.o(RESET) referenced from startup.o(RESET)
 <LI><a href="#[17]">ISR_Brown_Out_Detect</a> from main.o(i.ISR_Brown_Out_Detect) referenced 2 times from main.o(.data)
 <LI><a href="#[22]">ISR_Non_Vector_IRQ</a> from isr.o(i.ISR_Non_Vector_IRQ) referenced from isr.o(i.Reset_All_Interrupts)
 <LI><a href="#[16]">ISR_PLL</a> from main.o(i.ISR_PLL) referenced 2 times from main.o(.data)
 <LI><a href="#[14]">ISR_UART_0</a> from uart.o(i.ISR_UART_0) referenced 2 times from main.o(.data)
 <LI><a href="#[15]">ISR_UART_1</a> from uart.o(i.ISR_UART_1) referenced 2 times from main.o(.data)
 <LI><a href="#[e]">LCD_Allow_Access</a> from lcd.o(i.LCD_Allow_Access) referenced 2 times from dev_oper.o(.data)
 <LI><a href="#[b]">LCD_DeInit</a> from lcd.o(i.LCD_DeInit) referenced 2 times from dev_oper.o(.data)
 <LI><a href="#[f]">LCD_Disable</a> from lcd.o(i.LCD_Disable) referenced 2 times from dev_oper.o(.data)
 <LI><a href="#[10]">LCD_Enable</a> from lcd.o(i.LCD_Enable) referenced 2 times from dev_oper.o(.data)
 <LI><a href="#[c]">LCD_Init</a> from lcd.o(i.LCD_Init) referenced 2 times from dev_oper.o(.data)
 <LI><a href="#[d]">LCD_No_Access</a> from lcd.o(i.LCD_No_Access) referenced 2 times from dev_oper.o(.data)
 <LI><a href="#[11]">LCD_Write</a> from lcd.o(i.LCD_Write) referenced 2 times from dev_oper.o(.data)
 <LI><a href="#[1b]">PAbt_Handler</a> from startup.o(RESET) referenced from startup.o(RESET)
 <LI><a href="#[18]">Reset_Handler</a> from startup.o(RESET) referenced from startup.o(RESET)
 <LI><a href="#[1a]">SWI_Handler</a> from startup.o(RESET) referenced from startup.o(RESET)
 <LI><a href="#[6]">UART_Allow_Access</a> from uart.o(i.UART_Allow_Access) referenced 2 times from dev_oper.o(.data)
 <LI><a href="#[3]">UART_DeInit</a> from uart.o(i.UART_DeInit) referenced 2 times from dev_oper.o(.data)
 <LI><a href="#[7]">UART_Disable</a> from uart.o(i.UART_Disable) referenced 2 times from dev_oper.o(.data)
 <LI><a href="#[8]">UART_Enable</a> from uart.o(i.UART_Enable) referenced 2 times from dev_oper.o(.data)
 <LI><a href="#[4]">UART_Init</a> from uart.o(i.UART_Init) referenced 2 times from dev_oper.o(.data)
 <LI><a href="#[5]">UART_No_Access</a> from uart.o(i.UART_No_Access) referenced 2 times from dev_oper.o(.data)
 <LI><a href="#[9]">UART_Receive_Char</a> from uart.o(i.UART_Receive_Char) referenced 2 times from dev_oper.o(.data)
 <LI><a href="#[12]">UART_Receive_Enable_Ctrl</a> from uart.o(i.UART_Receive_Enable_Ctrl) referenced 2 times from dev_oper.o(.data)
 <LI><a href="#[a]">UART_Transmit</a> from uart.o(i.UART_Transmit) referenced 2 times from dev_oper.o(.data)
 <LI><a href="#[13]">UART_Transmit_Enable_Ctrl</a> from uart.o(i.UART_Transmit_Enable_Ctrl) referenced 2 times from dev_oper.o(.data)
 <LI><a href="#[19]">Undef_Handler</a> from startup.o(RESET) referenced from startup.o(RESET)
 <LI><a href="#[23]">__main</a> from __main.o(!!!main) referenced from startup.o(RESET)
 <LI><a href="#[21]">_get_lc_ctype</a> from lc_ctype_c.o(locale$$code) referenced from rt_ctype_table.o(.text)
 <LI><a href="#[20]">main</a> from main.o(i.main) referenced from __rtentry2.o(.ARM.Collect$$rtentry$$0000000D)
</UL>
<P>
<H3>
Global Symbols
</H3>
<P><STRONG><a name="[18]"></a>Reset_Handler</STRONG> (ARM, 0 bytes, Stack size unknown bytes, startup.o(RESET))
<BR>[Address Reference Count : 1]<UL><LI> startup.o(RESET)
</UL>
<P><STRONG><a name="[23]"></a>__main</STRONG> (ARM, 8 bytes, Stack size 0 bytes, __main.o(!!!main))
<BR><BR>[Calls]<UL><LI><a href="#[25]">&gt;&gt;</a>&nbsp;&nbsp;&nbsp;__rt_entry
<LI><a href="#[24]">&gt;&gt;</a>&nbsp;&nbsp;&nbsp;__scatterload
</UL>

<P><STRONG><a name="[24]"></a>__scatterload</STRONG> (ARM, 0 bytes, Stack size unknown bytes, __scatter.o(!!!scatter))
<BR><BR>[Called By]<UL><LI><a href="#[23]">&gt;&gt;</a>&nbsp;&nbsp;&nbsp;__main
</UL>

<P><STRONG><a name="[26]"></a>__scatterload_rt2</STRONG> (ARM, 52 bytes, Stack size unknown bytes, __scatter.o(!!!scatter), UNUSED)
<BR><BR>[Calls]<UL><LI><a href="#[25]">&gt;&gt;</a>&nbsp;&nbsp;&nbsp;__rt_entry
</UL>

<P><STRONG><a name="[d8]"></a>__scatterload_null</STRONG> (ARM, 0 bytes, Stack size unknown bytes, __scatter.o(!!!scatter), UNUSED)

<P><STRONG><a name="[d9]"></a>__decompress</STRONG> (ARM, 92 bytes, Stack size unknown bytes, __dczerorl2.o(!!dczerorl2), UNUSED)

<P><STRONG><a name="[da]"></a>__decompress1</STRONG> (ARM, 0 bytes, Stack size unknown bytes, __dczerorl2.o(!!dczerorl2), UNUSED)

<P><STRONG><a name="[db]"></a>__scatterload_zeroinit</STRONG> (ARM, 44 bytes, Stack size unknown bytes, __scatter_zi.o(!!handler_zi), UNUSED)

<P><STRONG><a name="[2d]"></a>__rt_lib_init</STRONG> (Thumb, 0 bytes, Stack size unknown bytes, libinit.o(.ARM.Collect$$libinit$$00000000))
<BR><BR>[Called By]<UL><LI><a href="#[2c]">&gt;&gt;</a>&nbsp;&nbsp;&nbsp;__rt_entry_li (via Veneer)
</UL>

<P><STRONG><a name="[dc]"></a>__rt_lib_init_fp_1</STRONG> (Thumb, 0 bytes, Stack size unknown bytes, libinit2.o(.ARM.Collect$$libinit$$00000002))

<P><STRONG><a name="[dd]"></a>__rt_lib_init_heap_1</STRONG> (Thumb, 0 bytes, Stack size unknown bytes, libinit2.o(.ARM.Collect$$libinit$$0000000A))

<P><STRONG><a name="[27]"></a>__rt_lib_init_lc_common</STRONG> (Thumb, 0 bytes, Stack size unknown bytes, libinit2.o(.ARM.Collect$$libinit$$0000000F))
<BR><BR>[Calls]<UL><LI><a href="#[28]">&gt;&gt;</a>&nbsp;&nbsp;&nbsp;__rt_locale (via Veneer)
</UL>

<P><STRONG><a name="[de]"></a>__rt_lib_init_preinit_1</STRONG> (Thumb, 0 bytes, Stack size unknown bytes, libinit2.o(.ARM.Collect$$libinit$$00000004))

<P><STRONG><a name="[df]"></a>__rt_lib_init_rand_1</STRONG> (Thumb, 0 bytes, Stack size unknown bytes, libinit2.o(.ARM.Collect$$libinit$$0000000E))

<P><STRONG><a name="[e0]"></a>__rt_lib_init_user_alloc_1</STRONG> (Thumb, 0 bytes, Stack size unknown bytes, libinit2.o(.ARM.Collect$$libinit$$0000000C))

<P><STRONG><a name="[e1]"></a>__rt_lib_init_lc_collate_1</STRONG> (Thumb, 0 bytes, Stack size unknown bytes, libinit2.o(.ARM.Collect$$libinit$$00000011))

<P><STRONG><a name="[29]"></a>__rt_lib_init_lc_ctype_2</STRONG> (Thumb, 0 bytes, Stack size unknown bytes, libinit2.o(.ARM.Collect$$libinit$$00000012))
<BR><BR>[Stack]<UL><LI>Max Depth = 12 + Unknown Stack Size
<LI>Call Chain = __rt_lib_init_lc_ctype_2 &rArr; _get_lc_ctype &rArr; strcmp
</UL>
<BR>[Calls]<UL><LI><a href="#[21]">&gt;&gt;</a>&nbsp;&nbsp;&nbsp;_get_lc_ctype (via Veneer)
</UL>

<P><STRONG><a name="[e2]"></a>__rt_lib_init_alloca_1</STRONG> (Thumb, 0 bytes, Stack size unknown bytes, libinit2.o(.ARM.Collect$$libinit$$0000002E))

<P><STRONG><a name="[e3]"></a>__rt_lib_init_argv_1</STRONG> (Thumb, 0 bytes, Stack size unknown bytes, libinit2.o(.ARM.Collect$$libinit$$0000002C))

<P><STRONG><a name="[e4]"></a>__rt_lib_init_atexit_1</STRONG> (Thumb, 0 bytes, Stack size unknown bytes, libinit2.o(.ARM.Collect$$libinit$$0000001B))

<P><STRONG><a name="[e5]"></a>__rt_lib_init_clock_1</STRONG> (Thumb, 0 bytes, Stack size unknown bytes, libinit2.o(.ARM.Collect$$libinit$$00000021))

<P><STRONG><a name="[e6]"></a>__rt_lib_init_cpp_1</STRONG> (Thumb, 0 bytes, Stack size unknown bytes, libinit2.o(.ARM.Collect$$libinit$$00000032))

<P><STRONG><a name="[e7]"></a>__rt_lib_init_exceptions_1</STRONG> (Thumb, 0 bytes, Stack size unknown bytes, libinit2.o(.ARM.Collect$$libinit$$00000030))

<P><STRONG><a name="[e8]"></a>__rt_lib_init_fp_trap_1</STRONG> (Thumb, 0 bytes, Stack size unknown bytes, libinit2.o(.ARM.Collect$$libinit$$0000001F))

<P><STRONG><a name="[e9]"></a>__rt_lib_init_getenv_1</STRONG> (Thumb, 0 bytes, Stack size unknown bytes, libinit2.o(.ARM.Collect$$libinit$$00000023))

<P><STRONG><a name="[ea]"></a>__rt_lib_init_lc_ctype_1</STRONG> (Thumb, 0 bytes, Stack size unknown bytes, libinit2.o(.ARM.Collect$$libinit$$00000013))

<P><STRONG><a name="[eb]"></a>__rt_lib_init_lc_monetary_1</STRONG> (Thumb, 0 bytes, Stack size unknown bytes, libinit2.o(.ARM.Collect$$libinit$$00000015))

<P><STRONG><a name="[ec]"></a>__rt_lib_init_lc_numeric_1</STRONG> (Thumb, 0 bytes, Stack size unknown bytes, libinit2.o(.ARM.Collect$$libinit$$00000017))

<P><STRONG><a name="[ed]"></a>__rt_lib_init_lc_time_1</STRONG> (Thumb, 0 bytes, Stack size unknown bytes, libinit2.o(.ARM.Collect$$libinit$$00000019))

<P><STRONG><a name="[ee]"></a>__rt_lib_init_return</STRONG> (Thumb, 0 bytes, Stack size unknown bytes, libinit2.o(.ARM.Collect$$libinit$$00000033))

<P><STRONG><a name="[ef]"></a>__rt_lib_init_signal_1</STRONG> (Thumb, 0 bytes, Stack size unknown bytes, libinit2.o(.ARM.Collect$$libinit$$0000001D))

<P><STRONG><a name="[f0]"></a>__rt_lib_init_stdio_1</STRONG> (Thumb, 0 bytes, Stack size unknown bytes, libinit2.o(.ARM.Collect$$libinit$$00000025))

<P><STRONG><a name="[31]"></a>__rt_lib_shutdown</STRONG> (Thumb, 0 bytes, Stack size unknown bytes, libshutdown.o(.ARM.Collect$$libshutdown$$00000000))
<BR><BR>[Called By]<UL><LI><a href="#[30]">&gt;&gt;</a>&nbsp;&nbsp;&nbsp;__rt_exit_ls (via Veneer)
</UL>

<P><STRONG><a name="[f1]"></a>__rt_lib_shutdown_cpp_1</STRONG> (Thumb, 0 bytes, Stack size unknown bytes, libshutdown2.o(.ARM.Collect$$libshutdown$$00000002))

<P><STRONG><a name="[f2]"></a>__rt_lib_shutdown_fp_trap_1</STRONG> (Thumb, 0 bytes, Stack size unknown bytes, libshutdown2.o(.ARM.Collect$$libshutdown$$00000007))

<P><STRONG><a name="[f3]"></a>__rt_lib_shutdown_heap_1</STRONG> (Thumb, 0 bytes, Stack size unknown bytes, libshutdown2.o(.ARM.Collect$$libshutdown$$0000000F))

<P><STRONG><a name="[f4]"></a>__rt_lib_shutdown_return</STRONG> (Thumb, 0 bytes, Stack size unknown bytes, libshutdown2.o(.ARM.Collect$$libshutdown$$00000010))

<P><STRONG><a name="[f5]"></a>__rt_lib_shutdown_signal_1</STRONG> (Thumb, 0 bytes, Stack size unknown bytes, libshutdown2.o(.ARM.Collect$$libshutdown$$0000000A))

<P><STRONG><a name="[f6]"></a>__rt_lib_shutdown_stdio_1</STRONG> (Thumb, 0 bytes, Stack size unknown bytes, libshutdown2.o(.ARM.Collect$$libshutdown$$00000004))

<P><STRONG><a name="[f7]"></a>__rt_lib_shutdown_user_alloc_1</STRONG> (Thumb, 0 bytes, Stack size unknown bytes, libshutdown2.o(.ARM.Collect$$libshutdown$$0000000C))

<P><STRONG><a name="[25]"></a>__rt_entry</STRONG> (ARM, 0 bytes, Stack size unknown bytes, __rtentry.o(.ARM.Collect$$rtentry$$00000000))
<BR><BR>[Called By]<UL><LI><a href="#[23]">&gt;&gt;</a>&nbsp;&nbsp;&nbsp;__main
<LI><a href="#[26]">&gt;&gt;</a>&nbsp;&nbsp;&nbsp;__scatterload_rt2
</UL>

<P><STRONG><a name="[f8]"></a>__rt_entry_presh_1</STRONG> (ARM, 0 bytes, Stack size unknown bytes, __rtentry2.o(.ARM.Collect$$rtentry$$00000002))

<P><STRONG><a name="[2a]"></a>__rt_entry_sh</STRONG> (ARM, 0 bytes, Stack size unknown bytes, __rtentry4.o(.ARM.Collect$$rtentry$$00000004))
<BR><BR>[Stack]<UL><LI>Max Depth = 8 + Unknown Stack Size
<LI>Call Chain = __rt_entry_sh &rArr; __user_setup_stackheap
</UL>
<BR>[Calls]<UL><LI><a href="#[2b]">&gt;&gt;</a>&nbsp;&nbsp;&nbsp;__user_setup_stackheap
</UL>

<P><STRONG><a name="[2c]"></a>__rt_entry_li</STRONG> (ARM, 0 bytes, Stack size unknown bytes, __rtentry2.o(.ARM.Collect$$rtentry$$0000000A))
<BR><BR>[Calls]<UL><LI><a href="#[2d]">&gt;&gt;</a>&nbsp;&nbsp;&nbsp;__rt_lib_init (via Veneer)
</UL>

<P><STRONG><a name="[f9]"></a>__rt_entry_postsh_1</STRONG> (ARM, 0 bytes, Stack size unknown bytes, __rtentry2.o(.ARM.Collect$$rtentry$$00000009))

<P><STRONG><a name="[2e]"></a>__rt_entry_main</STRONG> (ARM, 0 bytes, Stack size unknown bytes, __rtentry2.o(.ARM.Collect$$rtentry$$0000000D))
<BR><BR>[Stack]<UL><LI>Max Depth = 8 + Unknown Stack Size
<LI>Call Chain = __rt_entry_main &rArr; exit
</UL>
<BR>[Calls]<UL><LI><a href="#[2f]">&gt;&gt;</a>&nbsp;&nbsp;&nbsp;exit (via BX)
</UL>

<P><STRONG><a name="[fa]"></a>__rt_entry_postli_1</STRONG> (ARM, 0 bytes, Stack size unknown bytes, __rtentry2.o(.ARM.Collect$$rtentry$$0000000C))

<P><STRONG><a name="[3e]"></a>__rt_exit</STRONG> (ARM, 0 bytes, Stack size unknown bytes, rtexit.o(.ARM.Collect$$rtexit$$00000000))
<BR><BR>[Called By]<UL><LI><a href="#[2f]">&gt;&gt;</a>&nbsp;&nbsp;&nbsp;exit (via Veneer)
</UL>

<P><STRONG><a name="[30]"></a>__rt_exit_ls</STRONG> (ARM, 0 bytes, Stack size unknown bytes, rtexit2.o(.ARM.Collect$$rtexit$$00000003))
<BR><BR>[Calls]<UL><LI><a href="#[31]">&gt;&gt;</a>&nbsp;&nbsp;&nbsp;__rt_lib_shutdown (via Veneer)
</UL>

<P><STRONG><a name="[fb]"></a>__rt_exit_prels_1</STRONG> (ARM, 0 bytes, Stack size unknown bytes, rtexit2.o(.ARM.Collect$$rtexit$$00000002))

<P><STRONG><a name="[32]"></a>__rt_exit_exit</STRONG> (ARM, 0 bytes, Stack size unknown bytes, rtexit2.o(.ARM.Collect$$rtexit$$00000004))
<BR><BR>[Calls]<UL><LI><a href="#[33]">&gt;&gt;</a>&nbsp;&nbsp;&nbsp;_sys_exit (via Veneer)
</UL>

<P><STRONG><a name="[3c]"></a>__user_initial_stackheap</STRONG> (ARM, 0 bytes, Stack size unknown bytes, startup.o(.text))
<BR><BR>[Called By]<UL><LI><a href="#[2b]">&gt;&gt;</a>&nbsp;&nbsp;&nbsp;__user_setup_stackheap
</UL>

<P><STRONG><a name="[34]"></a>__rt_ctype_table</STRONG> (ARM, 24 bytes, Stack size 8 bytes, rt_ctype_table.o(.text))
<BR><BR>[Stack]<UL><LI>Max Depth = 8<LI>Call Chain = __rt_ctype_table
</UL>
<BR>[Calls]<UL><LI><a href="#[28]">&gt;&gt;</a>&nbsp;&nbsp;&nbsp;__rt_locale
</UL>
<BR>[Called By]<UL><LI><a href="#[b2]">&gt;&gt;</a>&nbsp;&nbsp;&nbsp;Scan_Data
<LI><a href="#[b4]">&gt;&gt;</a>&nbsp;&nbsp;&nbsp;strtoul
<LI><a href="#[b5]">&gt;&gt;</a>&nbsp;&nbsp;&nbsp;strtoq
<LI><a href="#[ba]">&gt;&gt;</a>&nbsp;&nbsp;&nbsp;isascii
</UL>

<P><STRONG><a name="[4f]"></a>strcpy</STRONG> (Thumb, 74 bytes, Stack size 12 bytes, strcpy.o(.text))
<BR><BR>[Stack]<UL><LI>Max Depth = 12<LI>Call Chain = strcpy
</UL>
<BR>[Called By]<UL><LI><a href="#[4c]">&gt;&gt;</a>&nbsp;&nbsp;&nbsp;Appl_Proc (via Veneer)
</UL>

<P><STRONG><a name="[46]"></a>__aeabi_memcpy</STRONG> (ARM, 0 bytes, Stack size 0 bytes, rt_memcpy.o(.text))
<BR><BR>[Called By]<UL><LI><a href="#[b2]">&gt;&gt;</a>&nbsp;&nbsp;&nbsp;Scan_Data
<LI><a href="#[44]">&gt;&gt;</a>&nbsp;&nbsp;&nbsp;Appl_Data_Retrieve_Para
</UL>

<P><STRONG><a name="[35]"></a>__rt_memcpy</STRONG> (ARM, 212 bytes, Stack size 0 bytes, rt_memcpy.o(.text), UNUSED)
<BR><BR>[Calls]<UL><LI><a href="#[36]">&gt;&gt;</a>&nbsp;&nbsp;&nbsp;__aeabi_memcpy4
</UL>

<P><STRONG><a name="[fc]"></a>_memcpy_lastbytes</STRONG> (ARM, 0 bytes, Stack size unknown bytes, rt_memcpy.o(.text), UNUSED)

<P><STRONG><a name="[37]"></a>__aeabi_memset</STRONG> (ARM, 16 bytes, Stack size 0 bytes, aeabi_memset.o(.text))
<BR><BR>[Calls]<UL><LI><a href="#[38]">&gt;&gt;</a>&nbsp;&nbsp;&nbsp;_memset
</UL>
<BR>[Called By]<UL><LI><a href="#[b3]">&gt;&gt;</a>&nbsp;&nbsp;&nbsp;Scan_Input_Limit_Chars
</UL>

<P><STRONG><a name="[77]"></a>__aeabi_memclr</STRONG> (ARM, 0 bytes, Stack size 0 bytes, rt_memclr.o(.text))
<BR><BR>[Called By]<UL><LI><a href="#[79]">&gt;&gt;</a>&nbsp;&nbsp;&nbsp;Write_Oper
<LI><a href="#[76]">&gt;&gt;</a>&nbsp;&nbsp;&nbsp;File_Flush
</UL>

<P><STRONG><a name="[39]"></a>__rt_memclr</STRONG> (ARM, 64 bytes, Stack size 0 bytes, rt_memclr.o(.text), UNUSED)
<BR><BR>[Calls]<UL><LI><a href="#[3a]">&gt;&gt;</a>&nbsp;&nbsp;&nbsp;_memset_w
</UL>

<P><STRONG><a name="[38]"></a>_memset</STRONG> (ARM, 0 bytes, Stack size unknown bytes, rt_memclr.o(.text))
<BR><BR>[Called By]<UL><LI><a href="#[37]">&gt;&gt;</a>&nbsp;&nbsp;&nbsp;__aeabi_memset
</UL>

<P><STRONG><a name="[ab]"></a>__aeabi_memclr4</STRONG> (ARM, 0 bytes, Stack size 4 bytes, rt_memclr_w.o(.text))
<BR><BR>[Stack]<UL><LI>Max Depth = 4<LI>Call Chain = __aeabi_memclr4
</UL>
<BR>[Called By]<UL><LI><a href="#[b2]">&gt;&gt;</a>&nbsp;&nbsp;&nbsp;Scan_Data
<LI><a href="#[54]">&gt;&gt;</a>&nbsp;&nbsp;&nbsp;Reset_Data_ID_Status
</UL>

<P><STRONG><a name="[fd]"></a>__aeabi_memclr8</STRONG> (ARM, 0 bytes, Stack size 4 bytes, rt_memclr_w.o(.text), UNUSED)

<P><STRONG><a name="[fe]"></a>__rt_memclr_w</STRONG> (ARM, 84 bytes, Stack size 4 bytes, rt_memclr_w.o(.text), UNUSED)

<P><STRONG><a name="[3a]"></a>_memset_w</STRONG> (ARM, 0 bytes, Stack size unknown bytes, rt_memclr_w.o(.text), UNUSED)
<BR><BR>[Called By]<UL><LI><a href="#[39]">&gt;&gt;</a>&nbsp;&nbsp;&nbsp;__rt_memclr
</UL>

<P><STRONG><a name="[ff]"></a>__aeabi_idiv</STRONG> (ARM, 0 bytes, Stack size 8 bytes, aeabi_sdiv.o(.text), UNUSED)

<P><STRONG><a name="[100]"></a>__aeabi_idivmod</STRONG> (ARM, 384 bytes, Stack size 8 bytes, aeabi_sdiv.o(.text), UNUSED)

<P><STRONG><a name="[101]"></a>__use_two_region_memory</STRONG> (Thumb, 2 bytes, Stack size 0 bytes, heapauxi.o(.text), UNUSED)

<P><STRONG><a name="[102]"></a>__rt_heap_escrow$2region</STRONG> (Thumb, 2 bytes, Stack size 0 bytes, heapauxi.o(.text), UNUSED)

<P><STRONG><a name="[103]"></a>__rt_heap_expand$2region</STRONG> (Thumb, 2 bytes, Stack size 0 bytes, heapauxi.o(.text), UNUSED)

<P><STRONG><a name="[28]"></a>__rt_locale</STRONG> (ARM, 12 bytes, Stack size 0 bytes, rt_locale_intlibspace.o(.text))
<BR><BR>[Called By]<UL><LI><a href="#[34]">&gt;&gt;</a>&nbsp;&nbsp;&nbsp;__rt_ctype_table
<LI><a href="#[27]">&gt;&gt;</a>&nbsp;&nbsp;&nbsp;__rt_lib_init_lc_common (via Veneer)
</UL>

<P><STRONG><a name="[36]"></a>__aeabi_memcpy4</STRONG> (ARM, 0 bytes, Stack size 8 bytes, rt_memcpy_w.o(.text), UNUSED)
<BR><BR>[Called By]<UL><LI><a href="#[35]">&gt;&gt;</a>&nbsp;&nbsp;&nbsp;__rt_memcpy
</UL>

<P><STRONG><a name="[104]"></a>__aeabi_memcpy8</STRONG> (ARM, 0 bytes, Stack size 8 bytes, rt_memcpy_w.o(.text), UNUSED)

<P><STRONG><a name="[105]"></a>__rt_memcpy_w</STRONG> (ARM, 100 bytes, Stack size 8 bytes, rt_memcpy_w.o(.text), UNUSED)

<P><STRONG><a name="[106]"></a>_memcpy_lastbytes_aligned</STRONG> (ARM, 0 bytes, Stack size unknown bytes, rt_memcpy_w.o(.text), UNUSED)

<P><STRONG><a name="[107]"></a>__user_libspace</STRONG> (ARM, 12 bytes, Stack size 0 bytes, libspace.o(.text), UNUSED)

<P><STRONG><a name="[3b]"></a>__user_perproc_libspace</STRONG> (ARM, 0 bytes, Stack size 0 bytes, libspace.o(.text))
<BR><BR>[Called By]<UL><LI><a href="#[2b]">&gt;&gt;</a>&nbsp;&nbsp;&nbsp;__user_setup_stackheap
</UL>

<P><STRONG><a name="[108]"></a>__user_perthread_libspace</STRONG> (ARM, 0 bytes, Stack size 0 bytes, libspace.o(.text), UNUSED)

<P><STRONG><a name="[bb]"></a>strcmp</STRONG> (ARM, 240 bytes, Stack size 4 bytes, strcmp.o(.text))
<BR><BR>[Stack]<UL><LI>Max Depth = 4<LI>Call Chain = strcmp
</UL>
<BR>[Called By]<UL><LI><a href="#[21]">&gt;&gt;</a>&nbsp;&nbsp;&nbsp;_get_lc_ctype
</UL>

<P><STRONG><a name="[2b]"></a>__user_setup_stackheap</STRONG> (ARM, 96 bytes, Stack size 8 bytes, sys_stackheap_outer.o(.text))
<BR><BR>[Stack]<UL><LI>Max Depth = 8 + Unknown Stack Size
<LI>Call Chain = __user_setup_stackheap
</UL>
<BR>[Calls]<UL><LI><a href="#[3c]">&gt;&gt;</a>&nbsp;&nbsp;&nbsp;__user_initial_stackheap
<LI><a href="#[3b]">&gt;&gt;</a>&nbsp;&nbsp;&nbsp;__user_perproc_libspace
</UL>
<BR>[Called By]<UL><LI><a href="#[2a]">&gt;&gt;</a>&nbsp;&nbsp;&nbsp;__rt_entry_sh
</UL>

<P><STRONG><a name="[2f]"></a>exit</STRONG> (Thumb, 20 bytes, Stack size 8 bytes, exit.o(.text))
<BR><BR>[Stack]<UL><LI>Max Depth = 8 + Unknown Stack Size
<LI>Call Chain = exit
</UL>
<BR>[Calls]<UL><LI><a href="#[3e]">&gt;&gt;</a>&nbsp;&nbsp;&nbsp;__rt_exit (via Veneer)
<LI><a href="#[3d]">&gt;&gt;</a>&nbsp;&nbsp;&nbsp;_call_atexit_fns (Weak Reference)
</UL>
<BR>[Called By]<UL><LI><a href="#[2e]">&gt;&gt;</a>&nbsp;&nbsp;&nbsp;__rt_entry_main
</UL>

<P><STRONG><a name="[33]"></a>_sys_exit</STRONG> (Thumb, 8 bytes, Stack size 0 bytes, sys_exit.o(.text))
<BR><BR>[Called By]<UL><LI><a href="#[32]">&gt;&gt;</a>&nbsp;&nbsp;&nbsp;__rt_exit_exit (via Veneer)
</UL>

<P><STRONG><a name="[109]"></a>__I$use$semihosting</STRONG> (ARM, 0 bytes, Stack size 0 bytes, use_no_semi.o(.text), UNUSED)

<P><STRONG><a name="[10a]"></a>__use_no_semihosting_swi</STRONG> (ARM, 4 bytes, Stack size 0 bytes, use_no_semi.o(.text), UNUSED)

<P><STRONG><a name="[10b]"></a>__aeabi_uidiv</STRONG> (ARM, 0 bytes, Stack size 0 bytes, aeabi_sdiv.o(.text_udiv), UNUSED)

<P><STRONG><a name="[3f]"></a>__aeabi_uidivmod</STRONG> (ARM, 36 bytes, Stack size 0 bytes, aeabi_sdiv.o(.text_udiv))
<BR><BR>[Calls]<UL><LI><a href="#[43]">&gt;&gt;</a>&nbsp;&nbsp;&nbsp;__arm_div_large
<LI><a href="#[40]">&gt;&gt;</a>&nbsp;&nbsp;&nbsp;__arm_div2
<LI><a href="#[41]">&gt;&gt;</a>&nbsp;&nbsp;&nbsp;__arm_div5
<LI><a href="#[42]">&gt;&gt;</a>&nbsp;&nbsp;&nbsp;__arm_div8
</UL>
<BR>[Called By]<UL><LI><a href="#[83]">&gt;&gt;</a>&nbsp;&nbsp;&nbsp;Int_To_Str
<LI><a href="#[98]">&gt;&gt;</a>&nbsp;&nbsp;&nbsp;Print_Num
<LI><a href="#[62]">&gt;&gt;</a>&nbsp;&nbsp;&nbsp;UART_Transmit_Num
<LI><a href="#[61]">&gt;&gt;</a>&nbsp;&nbsp;&nbsp;LCD_Disp_Num
<LI><a href="#[b4]">&gt;&gt;</a>&nbsp;&nbsp;&nbsp;strtoul
<LI><a href="#[b5]">&gt;&gt;</a>&nbsp;&nbsp;&nbsp;strtoq
</UL>

<P><STRONG><a name="[10c]"></a>__semihosting_library_function</STRONG> (ARM, 0 bytes, Stack size 0 bytes, indicate_semi.o(.text), UNUSED)

<P><STRONG><a name="[44]"></a>Appl_Data_Retrieve_Para</STRONG> (ARM, 1020 bytes, Stack size 40 bytes, gen_std_lib_part_1.o(i.Appl_Data_Retrieve_Para))
<BR><BR>[Stack]<UL><LI>Max Depth = 56<LI>Call Chain = Appl_Data_Retrieve_Para &rArr; Error_or_Warning_Proc &rArr;  Comm_Error_Proc (Cycle)
</UL>
<BR>[Calls]<UL><LI><a href="#[45]">&gt;&gt;</a>&nbsp;&nbsp;&nbsp;Error_or_Warning_Proc
<LI><a href="#[46]">&gt;&gt;</a>&nbsp;&nbsp;&nbsp;__aeabi_memcpy
</UL>
<BR>[Called By]<UL><LI><a href="#[71]">&gt;&gt;</a>&nbsp;&nbsp;&nbsp;Data_IDs_Set_Para
<LI><a href="#[6f]">&gt;&gt;</a>&nbsp;&nbsp;&nbsp;Data_ID_Set_Para
<LI><a href="#[a]">&gt;&gt;</a>&nbsp;&nbsp;&nbsp;UART_Transmit
<LI><a href="#[11]">&gt;&gt;</a>&nbsp;&nbsp;&nbsp;LCD_Write
<LI><a href="#[6c]">&gt;&gt;</a>&nbsp;&nbsp;&nbsp;Dev_Oper_Read_Status_Proc
<LI><a href="#[6a]">&gt;&gt;</a>&nbsp;&nbsp;&nbsp;Data_ID_Read_Try_Complete_Proc
<LI><a href="#[52]">&gt;&gt;</a>&nbsp;&nbsp;&nbsp;Cur_Data_ID_Read_Oper_Func
<LI><a href="#[4c]">&gt;&gt;</a>&nbsp;&nbsp;&nbsp;Appl_Proc
</UL>

<P><STRONG><a name="[47]"></a>Appl_HW_Init</STRONG> (ARM, 184 bytes, Stack size 8 bytes, appl.o(i.Appl_HW_Init))
<BR><BR>[Stack]<UL><LI>Max Depth = 912 + Unknown Stack Size
<LI>Call Chain = Appl_HW_Init &rArr; LCD_Init &rArr; LCD_Write_Command_NO_BF &rArr; Error_or_Warning_LCD_Proc &rArr; Comm_Error_Proc &rArr; LCD_Disp_Num &rArr;  Error_or_Warning_LCD_Proc (Cycle)
</UL>
<BR>[Calls]<UL><LI><a href="#[4]">&gt;&gt;</a>&nbsp;&nbsp;&nbsp;UART_Init
<LI><a href="#[49]">&gt;&gt;</a>&nbsp;&nbsp;&nbsp;Print
<LI><a href="#[48]">&gt;&gt;</a>&nbsp;&nbsp;&nbsp;Output_Dev_Init
<LI><a href="#[c]">&gt;&gt;</a>&nbsp;&nbsp;&nbsp;LCD_Init
</UL>
<BR>[Called By]<UL><LI><a href="#[7b]">&gt;&gt;</a>&nbsp;&nbsp;&nbsp;HW_Init
</UL>

<P><STRONG><a name="[4a]"></a>Appl_Init</STRONG> (ARM, 368 bytes, Stack size 8 bytes, appl.o(i.Appl_Init))
<BR><BR>[Stack]<UL><LI>Max Depth = 880 + Unknown Stack Size
<LI>Call Chain = Appl_Init &rArr; LCD_Enable &rArr; Error_or_Warning_LCD_Proc &rArr; Comm_Error_Proc &rArr; LCD_Disp_Num &rArr;  Error_or_Warning_LCD_Proc (Cycle)
</UL>
<BR>[Calls]<UL><LI><a href="#[13]">&gt;&gt;</a>&nbsp;&nbsp;&nbsp;UART_Transmit_Enable_Ctrl
<LI><a href="#[12]">&gt;&gt;</a>&nbsp;&nbsp;&nbsp;UART_Receive_Enable_Ctrl
<LI><a href="#[8]">&gt;&gt;</a>&nbsp;&nbsp;&nbsp;UART_Enable
<LI><a href="#[4b]">&gt;&gt;</a>&nbsp;&nbsp;&nbsp;Next_Data_Conf_Parameter
<LI><a href="#[10]">&gt;&gt;</a>&nbsp;&nbsp;&nbsp;LCD_Enable
<LI><a href="#[45]">&gt;&gt;</a>&nbsp;&nbsp;&nbsp;Error_or_Warning_Proc
</UL>
<BR>[Called By]<UL><LI><a href="#[20]">&gt;&gt;</a>&nbsp;&nbsp;&nbsp;main
</UL>

<P><STRONG><a name="[4c]"></a>Appl_Proc</STRONG> (ARM, 2216 bytes, Stack size 200 bytes, appl.o(i.Appl_Proc))
<BR><BR>[Stack]<UL><LI>Max Depth = 880 + Unknown Stack Size
<LI>Call Chain = Appl_Proc &rArr; LCD_Disp_Str &rArr;  Error_or_Warning_LCD_Proc (Cycle)
</UL>
<BR>[Calls]<UL><LI><a href="#[56]">&gt;&gt;</a>&nbsp;&nbsp;&nbsp;UART_Transmit_Ctrl_Proc
<LI><a href="#[57]">&gt;&gt;</a>&nbsp;&nbsp;&nbsp;UART_Transmit_Char
<LI><a href="#[50]">&gt;&gt;</a>&nbsp;&nbsp;&nbsp;Str_Scan
<LI><a href="#[54]">&gt;&gt;</a>&nbsp;&nbsp;&nbsp;Reset_Data_ID_Status
<LI><a href="#[49]">&gt;&gt;</a>&nbsp;&nbsp;&nbsp;Print
<LI><a href="#[4e]">&gt;&gt;</a>&nbsp;&nbsp;&nbsp;LCD_Disp_Str
<LI><a href="#[4d]">&gt;&gt;</a>&nbsp;&nbsp;&nbsp;LCD_Disp_Goto_XY
<LI><a href="#[45]">&gt;&gt;</a>&nbsp;&nbsp;&nbsp;Error_or_Warning_Proc
<LI><a href="#[55]">&gt;&gt;</a>&nbsp;&nbsp;&nbsp;Data_ID_Src_Spec_Dev_Find_Dev_Ch_ID
<LI><a href="#[52]">&gt;&gt;</a>&nbsp;&nbsp;&nbsp;Cur_Data_ID_Read_Oper_Func
<LI><a href="#[44]">&gt;&gt;</a>&nbsp;&nbsp;&nbsp;Appl_Data_Retrieve_Para
<LI><a href="#[51]">&gt;&gt;</a>&nbsp;&nbsp;&nbsp;__aeabi_f2d
<LI><a href="#[53]">&gt;&gt;</a>&nbsp;&nbsp;&nbsp;__aeabi_dmul
<LI><a href="#[4f]">&gt;&gt;</a>&nbsp;&nbsp;&nbsp;strcpy (via Veneer)
</UL>
<BR>[Called By]<UL><LI><a href="#[20]">&gt;&gt;</a>&nbsp;&nbsp;&nbsp;main
</UL>

<P><STRONG><a name="[58]"></a>Appl_Reset</STRONG> (ARM, 168 bytes, Stack size 8 bytes, appl.o(i.Appl_Reset))
<BR><BR>[Stack]<UL><LI>Max Depth = 24<LI>Call Chain = Appl_Reset &rArr; Error_or_Warning_Proc &rArr;  Comm_Error_Proc (Cycle)
</UL>
<BR>[Calls]<UL><LI><a href="#[45]">&gt;&gt;</a>&nbsp;&nbsp;&nbsp;Error_or_Warning_Proc
<LI><a href="#[59]">&gt;&gt;</a>&nbsp;&nbsp;&nbsp;Appl_Reset_Proc
</UL>
<BR>[Called By]<UL><LI><a href="#[b0]">&gt;&gt;</a>&nbsp;&nbsp;&nbsp;Reset_Process
</UL>

<P><STRONG><a name="[59]"></a>Appl_Reset_Proc</STRONG> (ARM, 12 bytes, Stack size 0 bytes, appl.o(i.Appl_Reset_Proc))
<BR><BR>[Called By]<UL><LI><a href="#[58]">&gt;&gt;</a>&nbsp;&nbsp;&nbsp;Appl_Reset
</UL>

<P><STRONG><a name="[5a]"></a>Check_GPIO_Func</STRONG> (ARM, 956 bytes, Stack size 48 bytes, io_lib.o(i.Check_GPIO_Func))
<BR><BR>[Stack]<UL><LI>Max Depth = 504 + Unknown Stack Size
<LI>Call Chain = Check_GPIO_Func &rArr; IO_Ch_Validate &rArr; Print &rArr; VFile_Print &rArr; Print_Data &rArr; Print_Real_Num &rArr; Real_Num_To_Str_Conv &rArr; Int_To_Str &rArr; Reverse_Str_Use_Same_Str &rArr; Str_Len &rArr; Error_or_Warning_Proc &rArr;  Comm_Error_Proc (Cycle)
</UL>
<BR>[Calls]<UL><LI><a href="#[5b]">&gt;&gt;</a>&nbsp;&nbsp;&nbsp;IO_Ch_Validate
<LI><a href="#[49]">&gt;&gt;</a>&nbsp;&nbsp;&nbsp;Print
<LI><a href="#[45]">&gt;&gt;</a>&nbsp;&nbsp;&nbsp;Error_or_Warning_Proc
</UL>
<BR>[Called By]<UL><LI><a href="#[7f]">&gt;&gt;</a>&nbsp;&nbsp;&nbsp;IO_Channel_Read
<LI><a href="#[5d]">&gt;&gt;</a>&nbsp;&nbsp;&nbsp;IO_Channel_Write
</UL>

<P><STRONG><a name="[5c]"></a>Comm_Error_Proc</STRONG> (ARM, 1760 bytes, Stack size 72 bytes, gen_std_lib_part_1.o(i.Comm_Error_Proc))
<BR><BR>[Stack]<UL><LI>Max Depth = 840 + Unknown Stack Size
<LI>Call Chain = Comm_Error_Proc &rArr; LCD_Disp_Num &rArr;  Error_or_Warning_LCD_Proc (Cycle)
</UL>
<BR>[Calls]<UL><LI><a href="#[5e]">&gt;&gt;</a>&nbsp;&nbsp;&nbsp;UART_Transmit_Str
<LI><a href="#[62]">&gt;&gt;</a>&nbsp;&nbsp;&nbsp;UART_Transmit_Num
<LI><a href="#[61]">&gt;&gt;</a>&nbsp;&nbsp;&nbsp;LCD_Disp_Num
<LI><a href="#[60]">&gt;&gt;</a>&nbsp;&nbsp;&nbsp;LCD_Disp_Char
<LI><a href="#[5d]">&gt;&gt;</a>&nbsp;&nbsp;&nbsp;IO_Channel_Write
<LI><a href="#[5f]">&gt;&gt;</a>&nbsp;&nbsp;&nbsp;Str_Len
<LI><a href="#[57]">&gt;&gt;</a>&nbsp;&nbsp;&nbsp;UART_Transmit_Char
<LI><a href="#[4e]">&gt;&gt;</a>&nbsp;&nbsp;&nbsp;LCD_Disp_Str
<LI><a href="#[4d]">&gt;&gt;</a>&nbsp;&nbsp;&nbsp;LCD_Disp_Goto_XY
</UL>
<BR>[Called By]<UL><LI><a href="#[45]">&gt;&gt;</a>&nbsp;&nbsp;&nbsp;Error_or_Warning_Proc
<LI><a href="#[75]">&gt;&gt;</a>&nbsp;&nbsp;&nbsp;Error_or_Warning_UART_Proc
<LI><a href="#[73]">&gt;&gt;</a>&nbsp;&nbsp;&nbsp;Error_or_Warning_LCD_Proc
</UL>

<P><STRONG><a name="[63]"></a>Config_Consucc_Bits</STRONG> (ARM, 316 bytes, Stack size 32 bytes, gen_std_lib_part_1.o(i.Config_Consucc_Bits))
<BR><BR>[Stack]<UL><LI>Max Depth = 48<LI>Call Chain = Config_Consucc_Bits &rArr; Error_or_Warning_Proc &rArr;  Comm_Error_Proc (Cycle)
</UL>
<BR>[Calls]<UL><LI><a href="#[45]">&gt;&gt;</a>&nbsp;&nbsp;&nbsp;Error_or_Warning_Proc
</UL>
<BR>[Called By]<UL><LI><a href="#[7e]">&gt;&gt;</a>&nbsp;&nbsp;&nbsp;IO_Ch_Func_Reset
<LI><a href="#[66]">&gt;&gt;</a>&nbsp;&nbsp;&nbsp;Config_Port_Pin_Range_Validate
</UL>

<P><STRONG><a name="[66]"></a>Config_Port_Pin_Range_Validate</STRONG> (ARM, 336 bytes, Stack size 32 bytes, io_lib.o(i.Config_Port_Pin_Range_Validate))
<BR><BR>[Stack]<UL><LI>Max Depth = 488 + Unknown Stack Size
<LI>Call Chain = Config_Port_Pin_Range_Validate &rArr; IO_Ch_Validate &rArr; Print &rArr; VFile_Print &rArr; Print_Data &rArr; Print_Real_Num &rArr; Real_Num_To_Str_Conv &rArr; Int_To_Str &rArr; Reverse_Str_Use_Same_Str &rArr; Str_Len &rArr; Error_or_Warning_Proc &rArr;  Comm_Error_Proc (Cycle)
</UL>
<BR>[Calls]<UL><LI><a href="#[5b]">&gt;&gt;</a>&nbsp;&nbsp;&nbsp;IO_Ch_Validate
<LI><a href="#[63]">&gt;&gt;</a>&nbsp;&nbsp;&nbsp;Config_Consucc_Bits
<LI><a href="#[45]">&gt;&gt;</a>&nbsp;&nbsp;&nbsp;Error_or_Warning_Proc
</UL>
<BR>[Called By]<UL><LI><a href="#[80]">&gt;&gt;</a>&nbsp;&nbsp;&nbsp;IO_Channels_Func_Set
</UL>

<P><STRONG><a name="[69]"></a>Cur_Data_ID_Devs_Src_Basic_Oper_Func</STRONG> (ARM, 1260 bytes, Stack size 56 bytes, dev_oper.o(i.Cur_Data_ID_Devs_Src_Basic_Oper_Func))
<BR><BR>[Stack]<UL><LI>Max Depth = 512 + Unknown Stack Size
<LI>Call Chain = Cur_Data_ID_Devs_Src_Basic_Oper_Func &rArr; Cur_Data_ID_Dev_Src_Basic_Oper_Func &rArr; Print &rArr; VFile_Print &rArr; Print_Data &rArr; Print_Real_Num &rArr; Real_Num_To_Str_Conv &rArr; Int_To_Str &rArr; Reverse_Str_Use_Same_Str &rArr; Str_Len &rArr; Error_or_Warning_Proc &rArr;  Comm_Error_Proc (Cycle)
</UL>
<BR>[Calls]<UL><LI><a href="#[68]">&gt;&gt;</a>&nbsp;&nbsp;&nbsp;Cur_Data_ID_Dev_Src_Basic_Oper_Func
<LI><a href="#[45]">&gt;&gt;</a>&nbsp;&nbsp;&nbsp;Error_or_Warning_Proc
</UL>
<BR>[Called By]<UL><LI><a href="#[6e]">&gt;&gt;</a>&nbsp;&nbsp;&nbsp;Data_Dev_Src_Access_Oper_Func
</UL>

<P><STRONG><a name="[52]"></a>Cur_Data_ID_Read_Oper_Func</STRONG> (ARM, 2084 bytes, Stack size 64 bytes, dev_oper.o(i.Cur_Data_ID_Read_Oper_Func))
<BR><BR>[Stack]<UL><LI>Max Depth = 168<LI>Call Chain = Cur_Data_ID_Read_Oper_Func &rArr; Dev_Oper_Read_Status_Proc &rArr; Appl_Data_Retrieve_Para &rArr; Error_or_Warning_Proc &rArr;  Comm_Error_Proc (Cycle)
</UL>
<BR>[Calls]<UL><LI><a href="#[6b]">&gt;&gt;</a>&nbsp;&nbsp;&nbsp;Search_Src_Interrupt_Data_Arr_By_Src
<LI><a href="#[6d]">&gt;&gt;</a>&nbsp;&nbsp;&nbsp;Reset_Src_Interrupt_Data_Arr
<LI><a href="#[6c]">&gt;&gt;</a>&nbsp;&nbsp;&nbsp;Dev_Oper_Read_Status_Proc
<LI><a href="#[6a]">&gt;&gt;</a>&nbsp;&nbsp;&nbsp;Data_ID_Read_Try_Complete_Proc
<LI><a href="#[45]">&gt;&gt;</a>&nbsp;&nbsp;&nbsp;Error_or_Warning_Proc
<LI><a href="#[44]">&gt;&gt;</a>&nbsp;&nbsp;&nbsp;Appl_Data_Retrieve_Para
</UL>
<BR>[Called By]<UL><LI><a href="#[4c]">&gt;&gt;</a>&nbsp;&nbsp;&nbsp;Appl_Proc
</UL>

<P><STRONG><a name="[6e]"></a>Data_Dev_Src_Access_Oper_Func</STRONG> (ARM, 992 bytes, Stack size 40 bytes, dev_oper.o(i.Data_Dev_Src_Access_Oper_Func))
<BR><BR>[Stack]<UL><LI>Max Depth = 552 + Unknown Stack Size
<LI>Call Chain = Data_Dev_Src_Access_Oper_Func &rArr; Cur_Data_ID_Devs_Src_Basic_Oper_Func &rArr; Cur_Data_ID_Dev_Src_Basic_Oper_Func &rArr; Print &rArr; VFile_Print &rArr; Print_Data &rArr; Print_Real_Num &rArr; Real_Num_To_Str_Conv &rArr; Int_To_Str &rArr; Reverse_Str_Use_Same_Str &rArr; Str_Len &rArr; Error_or_Warning_Proc &rArr;  Comm_Error_Proc (Cycle)
</UL>
<BR>[Calls]<UL><LI><a href="#[69]">&gt;&gt;</a>&nbsp;&nbsp;&nbsp;Cur_Data_ID_Devs_Src_Basic_Oper_Func
<LI><a href="#[45]">&gt;&gt;</a>&nbsp;&nbsp;&nbsp;Error_or_Warning_Proc
</UL>
<BR>[Called By]<UL><LI><a href="#[4b]">&gt;&gt;</a>&nbsp;&nbsp;&nbsp;Next_Data_Conf_Parameter
</UL>

<P><STRONG><a name="[6f]"></a>Data_ID_Set_Para</STRONG> (ARM, 304 bytes, Stack size 24 bytes, gen_std_lib_part_1.o(i.Data_ID_Set_Para))
<BR><BR>[Stack]<UL><LI>Max Depth = 80<LI>Call Chain = Data_ID_Set_Para &rArr; Appl_Data_Retrieve_Para &rArr; Error_or_Warning_Proc &rArr;  Comm_Error_Proc (Cycle)
</UL>
<BR>[Calls]<UL><LI><a href="#[54]">&gt;&gt;</a>&nbsp;&nbsp;&nbsp;Reset_Data_ID_Status
<LI><a href="#[45]">&gt;&gt;</a>&nbsp;&nbsp;&nbsp;Error_or_Warning_Proc
<LI><a href="#[44]">&gt;&gt;</a>&nbsp;&nbsp;&nbsp;Appl_Data_Retrieve_Para
</UL>
<BR>[Called By]<UL><LI><a href="#[71]">&gt;&gt;</a>&nbsp;&nbsp;&nbsp;Data_IDs_Set_Para
</UL>

<P><STRONG><a name="[55]"></a>Data_ID_Src_Spec_Dev_Find_Dev_Ch_ID</STRONG> (ARM, 464 bytes, Stack size 32 bytes, dev_oper.o(i.Data_ID_Src_Spec_Dev_Find_Dev_Ch_ID))
<BR><BR>[Stack]<UL><LI>Max Depth = 64<LI>Call Chain = Data_ID_Src_Spec_Dev_Find_Dev_Ch_ID &rArr; Dev_ID_Validate &rArr; Error_or_Warning_Proc &rArr;  Comm_Error_Proc (Cycle)
</UL>
<BR>[Calls]<UL><LI><a href="#[70]">&gt;&gt;</a>&nbsp;&nbsp;&nbsp;Dev_ID_Validate
<LI><a href="#[45]">&gt;&gt;</a>&nbsp;&nbsp;&nbsp;Error_or_Warning_Proc
</UL>
<BR>[Called By]<UL><LI><a href="#[4c]">&gt;&gt;</a>&nbsp;&nbsp;&nbsp;Appl_Proc
</UL>

<P><STRONG><a name="[71]"></a>Data_IDs_Set_Para</STRONG> (ARM, 180 bytes, Stack size 16 bytes, gen_std_lib_part_1.o(i.Data_IDs_Set_Para))
<BR><BR>[Stack]<UL><LI>Max Depth = 96<LI>Call Chain = Data_IDs_Set_Para &rArr; Data_ID_Set_Para &rArr; Appl_Data_Retrieve_Para &rArr; Error_or_Warning_Proc &rArr;  Comm_Error_Proc (Cycle)
</UL>
<BR>[Calls]<UL><LI><a href="#[6f]">&gt;&gt;</a>&nbsp;&nbsp;&nbsp;Data_ID_Set_Para
<LI><a href="#[45]">&gt;&gt;</a>&nbsp;&nbsp;&nbsp;Error_or_Warning_Proc
<LI><a href="#[44]">&gt;&gt;</a>&nbsp;&nbsp;&nbsp;Appl_Data_Retrieve_Para
</UL>
<BR>[Called By]<UL><LI><a href="#[b9]">&gt;&gt;</a>&nbsp;&nbsp;&nbsp;System_Init
</UL>

<P><STRONG><a name="[89]"></a>Delay_MS</STRONG> (ARM, 64 bytes, Stack size 0 bytes, gen_std_lib_part_1.o(i.Delay_MS))
<BR><BR>[Called By]<UL><LI><a href="#[60]">&gt;&gt;</a>&nbsp;&nbsp;&nbsp;LCD_Disp_Char
<LI><a href="#[56]">&gt;&gt;</a>&nbsp;&nbsp;&nbsp;UART_Transmit_Ctrl_Proc
<LI><a href="#[c]">&gt;&gt;</a>&nbsp;&nbsp;&nbsp;LCD_Init
<LI><a href="#[8e]">&gt;&gt;</a>&nbsp;&nbsp;&nbsp;LCD_Write_Command_NO_BF
<LI><a href="#[88]">&gt;&gt;</a>&nbsp;&nbsp;&nbsp;LCD_Write_Command
<LI><a href="#[87]">&gt;&gt;</a>&nbsp;&nbsp;&nbsp;LCD_Clear_Screen
<LI><a href="#[86]">&gt;&gt;</a>&nbsp;&nbsp;&nbsp;LCD_Read_Command
</UL>

<P><STRONG><a name="[70]"></a>Dev_ID_Validate</STRONG> (ARM, 684 bytes, Stack size 16 bytes, dev_oper.o(i.Dev_ID_Validate))
<BR><BR>[Stack]<UL><LI>Max Depth = 32<LI>Call Chain = Dev_ID_Validate &rArr; Error_or_Warning_Proc &rArr;  Comm_Error_Proc (Cycle)
</UL>
<BR>[Calls]<UL><LI><a href="#[45]">&gt;&gt;</a>&nbsp;&nbsp;&nbsp;Error_or_Warning_Proc
</UL>
<BR>[Called By]<UL><LI><a href="#[55]">&gt;&gt;</a>&nbsp;&nbsp;&nbsp;Data_ID_Src_Spec_Dev_Find_Dev_Ch_ID
</UL>

<P><STRONG><a name="[74]"></a>Error_or_Warning_Occured_Proc</STRONG> (ARM, 292 bytes, Stack size 0 bytes, appl.o(i.Error_or_Warning_Occured_Proc))
<BR><BR>[Called By]<UL><LI><a href="#[45]">&gt;&gt;</a>&nbsp;&nbsp;&nbsp;Error_or_Warning_Proc
<LI><a href="#[75]">&gt;&gt;</a>&nbsp;&nbsp;&nbsp;Error_or_Warning_UART_Proc
<LI><a href="#[73]">&gt;&gt;</a>&nbsp;&nbsp;&nbsp;Error_or_Warning_LCD_Proc
</UL>

<P><STRONG><a name="[45]"></a>Error_or_Warning_Proc</STRONG> (ARM, 192 bytes, Stack size 16 bytes, gen_std_lib_part_1.o(i.Error_or_Warning_Proc))
<BR><BR>[Stack]<UL><LI>Max Depth = 16 + In Cycle
<LI>Call Chain = Error_or_Warning_Proc &rArr;  Comm_Error_Proc (Cycle)
</UL>
<BR>[Calls]<UL><LI><a href="#[5c]">&gt;&gt;</a>&nbsp;&nbsp;&nbsp;Comm_Error_Proc
<LI><a href="#[74]">&gt;&gt;</a>&nbsp;&nbsp;&nbsp;Error_or_Warning_Occured_Proc
</UL>
<BR>[Called By]<UL><LI><a href="#[91]">&gt;&gt;</a>&nbsp;&nbsp;&nbsp;Non_GPIO_Func_Set
<LI><a href="#[80]">&gt;&gt;</a>&nbsp;&nbsp;&nbsp;IO_Channels_Func_Set
<LI><a href="#[7f]">&gt;&gt;</a>&nbsp;&nbsp;&nbsp;IO_Channel_Read
<LI><a href="#[5b]">&gt;&gt;</a>&nbsp;&nbsp;&nbsp;IO_Ch_Validate
<LI><a href="#[7e]">&gt;&gt;</a>&nbsp;&nbsp;&nbsp;IO_Ch_Func_Reset
<LI><a href="#[66]">&gt;&gt;</a>&nbsp;&nbsp;&nbsp;Config_Port_Pin_Range_Validate
<LI><a href="#[5a]">&gt;&gt;</a>&nbsp;&nbsp;&nbsp;Check_GPIO_Func
<LI><a href="#[81]">&gt;&gt;</a>&nbsp;&nbsp;&nbsp;Trace_IO_Func_Set_Validate
<LI><a href="#[65]">&gt;&gt;</a>&nbsp;&nbsp;&nbsp;GPIO_Func_Set
<LI><a href="#[72]">&gt;&gt;</a>&nbsp;&nbsp;&nbsp;Debug_IO_Func_Set_Validate
<LI><a href="#[67]">&gt;&gt;</a>&nbsp;&nbsp;&nbsp;Config_Port_Pin_Validate
<LI><a href="#[64]">&gt;&gt;</a>&nbsp;&nbsp;&nbsp;Config_GPIO_Func_Set
<LI><a href="#[9c]">&gt;&gt;</a>&nbsp;&nbsp;&nbsp;Put_Char
<LI><a href="#[79]">&gt;&gt;</a>&nbsp;&nbsp;&nbsp;Write_Oper
<LI><a href="#[94]">&gt;&gt;</a>&nbsp;&nbsp;&nbsp;VFile_Print
<LI><a href="#[b6]">&gt;&gt;</a>&nbsp;&nbsp;&nbsp;Str_To_Real_Num_Conv
<LI><a href="#[9b]">&gt;&gt;</a>&nbsp;&nbsp;&nbsp;Real_Num_To_Str_Conv
<LI><a href="#[83]">&gt;&gt;</a>&nbsp;&nbsp;&nbsp;Int_To_Str
<LI><a href="#[7a]">&gt;&gt;</a>&nbsp;&nbsp;&nbsp;File_Put_Str
<LI><a href="#[78]">&gt;&gt;</a>&nbsp;&nbsp;&nbsp;File_Put_Char
<LI><a href="#[b2]">&gt;&gt;</a>&nbsp;&nbsp;&nbsp;Scan_Data
<LI><a href="#[97]">&gt;&gt;</a>&nbsp;&nbsp;&nbsp;Print_Str
<LI><a href="#[9a]">&gt;&gt;</a>&nbsp;&nbsp;&nbsp;Print_Real_Num
<LI><a href="#[98]">&gt;&gt;</a>&nbsp;&nbsp;&nbsp;Print_Num
<LI><a href="#[95]">&gt;&gt;</a>&nbsp;&nbsp;&nbsp;Print_Data
<LI><a href="#[5d]">&gt;&gt;</a>&nbsp;&nbsp;&nbsp;IO_Channel_Write
<LI><a href="#[b4]">&gt;&gt;</a>&nbsp;&nbsp;&nbsp;strtoul
<LI><a href="#[b5]">&gt;&gt;</a>&nbsp;&nbsp;&nbsp;strtoq
<LI><a href="#[ba]">&gt;&gt;</a>&nbsp;&nbsp;&nbsp;isascii
<LI><a href="#[8f]">&gt;&gt;</a>&nbsp;&nbsp;&nbsp;Write_Bit_in_Data
<LI><a href="#[5f]">&gt;&gt;</a>&nbsp;&nbsp;&nbsp;Str_Len
<LI><a href="#[ad]">&gt;&gt;</a>&nbsp;&nbsp;&nbsp;Set_Status_Reset_Data_IDs
<LI><a href="#[84]">&gt;&gt;</a>&nbsp;&nbsp;&nbsp;Reverse_Str_Use_Same_Str
<LI><a href="#[82]">&gt;&gt;</a>&nbsp;&nbsp;&nbsp;Init_File
<LI><a href="#[76]">&gt;&gt;</a>&nbsp;&nbsp;&nbsp;File_Flush
<LI><a href="#[71]">&gt;&gt;</a>&nbsp;&nbsp;&nbsp;Data_IDs_Set_Para
<LI><a href="#[6f]">&gt;&gt;</a>&nbsp;&nbsp;&nbsp;Data_ID_Set_Para
<LI><a href="#[63]">&gt;&gt;</a>&nbsp;&nbsp;&nbsp;Config_Consucc_Bits
<LI><a href="#[6b]">&gt;&gt;</a>&nbsp;&nbsp;&nbsp;Search_Src_Interrupt_Data_Arr_By_Src
<LI><a href="#[6d]">&gt;&gt;</a>&nbsp;&nbsp;&nbsp;Reset_Src_Interrupt_Data_Arr
<LI><a href="#[70]">&gt;&gt;</a>&nbsp;&nbsp;&nbsp;Dev_ID_Validate
<LI><a href="#[6e]">&gt;&gt;</a>&nbsp;&nbsp;&nbsp;Data_Dev_Src_Access_Oper_Func
<LI><a href="#[69]">&gt;&gt;</a>&nbsp;&nbsp;&nbsp;Cur_Data_ID_Devs_Src_Basic_Oper_Func
<LI><a href="#[6c]">&gt;&gt;</a>&nbsp;&nbsp;&nbsp;Dev_Oper_Read_Status_Proc
<LI><a href="#[6a]">&gt;&gt;</a>&nbsp;&nbsp;&nbsp;Data_ID_Read_Try_Complete_Proc
<LI><a href="#[68]">&gt;&gt;</a>&nbsp;&nbsp;&nbsp;Cur_Data_ID_Dev_Src_Basic_Oper_Func
<LI><a href="#[50]">&gt;&gt;</a>&nbsp;&nbsp;&nbsp;Str_Scan
<LI><a href="#[54]">&gt;&gt;</a>&nbsp;&nbsp;&nbsp;Reset_Data_ID_Status
<LI><a href="#[49]">&gt;&gt;</a>&nbsp;&nbsp;&nbsp;Print
<LI><a href="#[48]">&gt;&gt;</a>&nbsp;&nbsp;&nbsp;Output_Dev_Init
<LI><a href="#[4b]">&gt;&gt;</a>&nbsp;&nbsp;&nbsp;Next_Data_Conf_Parameter
<LI><a href="#[55]">&gt;&gt;</a>&nbsp;&nbsp;&nbsp;Data_ID_Src_Spec_Dev_Find_Dev_Ch_ID
<LI><a href="#[52]">&gt;&gt;</a>&nbsp;&nbsp;&nbsp;Cur_Data_ID_Read_Oper_Func
<LI><a href="#[44]">&gt;&gt;</a>&nbsp;&nbsp;&nbsp;Appl_Data_Retrieve_Para
<LI><a href="#[58]">&gt;&gt;</a>&nbsp;&nbsp;&nbsp;Appl_Reset
<LI><a href="#[4c]">&gt;&gt;</a>&nbsp;&nbsp;&nbsp;Appl_Proc
<LI><a href="#[4a]">&gt;&gt;</a>&nbsp;&nbsp;&nbsp;Appl_Init
<LI><a href="#[75]">&gt;&gt;</a>&nbsp;&nbsp;&nbsp;Error_or_Warning_UART_Proc
<LI><a href="#[b0]">&gt;&gt;</a>&nbsp;&nbsp;&nbsp;Reset_Process
<LI><a href="#[b9]">&gt;&gt;</a>&nbsp;&nbsp;&nbsp;System_Init
<LI><a href="#[7b]">&gt;&gt;</a>&nbsp;&nbsp;&nbsp;HW_Init
<LI><a href="#[86]">&gt;&gt;</a>&nbsp;&nbsp;&nbsp;LCD_Read_Command
<LI><a href="#[73]">&gt;&gt;</a>&nbsp;&nbsp;&nbsp;Error_or_Warning_LCD_Proc
<LI><a href="#[a6]">&gt;&gt;</a>&nbsp;&nbsp;&nbsp;Reset_All_Interrupts
<LI><a href="#[b1]">&gt;&gt;</a>&nbsp;&nbsp;&nbsp;Reset_Src_Interrupt_Data_Arr_By_Specific_Index
</UL>

<P><STRONG><a name="[76]"></a>File_Flush</STRONG> (ARM, 104 bytes, Stack size 8 bytes, gen_std_lib_part_1.o(i.File_Flush))
<BR><BR>[Stack]<UL><LI>Max Depth = 24<LI>Call Chain = File_Flush &rArr; Error_or_Warning_Proc &rArr;  Comm_Error_Proc (Cycle)
</UL>
<BR>[Calls]<UL><LI><a href="#[45]">&gt;&gt;</a>&nbsp;&nbsp;&nbsp;Error_or_Warning_Proc
<LI><a href="#[77]">&gt;&gt;</a>&nbsp;&nbsp;&nbsp;__aeabi_memclr
</UL>
<BR>[Called By]<UL><LI><a href="#[94]">&gt;&gt;</a>&nbsp;&nbsp;&nbsp;VFile_Print
<LI><a href="#[95]">&gt;&gt;</a>&nbsp;&nbsp;&nbsp;Print_Data
<LI><a href="#[82]">&gt;&gt;</a>&nbsp;&nbsp;&nbsp;Init_File
<LI><a href="#[a9]">&gt;&gt;</a>&nbsp;&nbsp;&nbsp;Reset_All_UART_Chs
</UL>

<P><STRONG><a name="[78]"></a>File_Put_Char</STRONG> (ARM, 168 bytes, Stack size 24 bytes, gen_std_lib_part_2.o(i.File_Put_Char))
<BR><BR>[Stack]<UL><LI>Max Depth = 128<LI>Call Chain = File_Put_Char &rArr; Write_Oper &rArr; Put_Char &rArr; UART_Transmit_Char &rArr; Error_or_Warning_UART_Proc &rArr;  Comm_Error_Proc (Cycle)
</UL>
<BR>[Calls]<UL><LI><a href="#[79]">&gt;&gt;</a>&nbsp;&nbsp;&nbsp;Write_Oper
<LI><a href="#[45]">&gt;&gt;</a>&nbsp;&nbsp;&nbsp;Error_or_Warning_Proc
</UL>
<BR>[Called By]<UL><LI><a href="#[7a]">&gt;&gt;</a>&nbsp;&nbsp;&nbsp;File_Put_Str
</UL>

<P><STRONG><a name="[7a]"></a>File_Put_Str</STRONG> (ARM, 184 bytes, Stack size 24 bytes, gen_std_lib_part_2.o(i.File_Put_Str))
<BR><BR>[Stack]<UL><LI>Max Depth = 152<LI>Call Chain = File_Put_Str &rArr; File_Put_Char &rArr; Write_Oper &rArr; Put_Char &rArr; UART_Transmit_Char &rArr; Error_or_Warning_UART_Proc &rArr;  Comm_Error_Proc (Cycle)
</UL>
<BR>[Calls]<UL><LI><a href="#[78]">&gt;&gt;</a>&nbsp;&nbsp;&nbsp;File_Put_Char
<LI><a href="#[45]">&gt;&gt;</a>&nbsp;&nbsp;&nbsp;Error_or_Warning_Proc
</UL>
<BR>[Called By]<UL><LI><a href="#[94]">&gt;&gt;</a>&nbsp;&nbsp;&nbsp;VFile_Print
<LI><a href="#[95]">&gt;&gt;</a>&nbsp;&nbsp;&nbsp;Print_Data
</UL>

<P><STRONG><a name="[7e]"></a>IO_Ch_Func_Reset</STRONG> (ARM, 676 bytes, Stack size 32 bytes, io_lib.o(i.IO_Ch_Func_Reset))
<BR><BR>[Stack]<UL><LI>Max Depth = 488 + Unknown Stack Size
<LI>Call Chain = IO_Ch_Func_Reset &rArr; IO_Ch_Validate &rArr; Print &rArr; VFile_Print &rArr; Print_Data &rArr; Print_Real_Num &rArr; Real_Num_To_Str_Conv &rArr; Int_To_Str &rArr; Reverse_Str_Use_Same_Str &rArr; Str_Len &rArr; Error_or_Warning_Proc &rArr;  Comm_Error_Proc (Cycle)
</UL>
<BR>[Calls]<UL><LI><a href="#[5b]">&gt;&gt;</a>&nbsp;&nbsp;&nbsp;IO_Ch_Validate
<LI><a href="#[65]">&gt;&gt;</a>&nbsp;&nbsp;&nbsp;GPIO_Func_Set
<LI><a href="#[63]">&gt;&gt;</a>&nbsp;&nbsp;&nbsp;Config_Consucc_Bits
<LI><a href="#[45]">&gt;&gt;</a>&nbsp;&nbsp;&nbsp;Error_or_Warning_Proc
</UL>
<BR>[Called By]<UL><LI><a href="#[3]">&gt;&gt;</a>&nbsp;&nbsp;&nbsp;UART_DeInit
<LI><a href="#[b]">&gt;&gt;</a>&nbsp;&nbsp;&nbsp;LCD_DeInit
<LI><a href="#[85]">&gt;&gt;</a>&nbsp;&nbsp;&nbsp;LCD_Check_Busy
</UL>

<P><STRONG><a name="[5b]"></a>IO_Ch_Validate</STRONG> (ARM, 508 bytes, Stack size 24 bytes, io_lib.o(i.IO_Ch_Validate))
<BR><BR>[Stack]<UL><LI>Max Depth = 456 + Unknown Stack Size
<LI>Call Chain = IO_Ch_Validate &rArr; Print &rArr; VFile_Print &rArr; Print_Data &rArr; Print_Real_Num &rArr; Real_Num_To_Str_Conv &rArr; Int_To_Str &rArr; Reverse_Str_Use_Same_Str &rArr; Str_Len &rArr; Error_or_Warning_Proc &rArr;  Comm_Error_Proc (Cycle)
</UL>
<BR>[Calls]<UL><LI><a href="#[49]">&gt;&gt;</a>&nbsp;&nbsp;&nbsp;Print
<LI><a href="#[45]">&gt;&gt;</a>&nbsp;&nbsp;&nbsp;Error_or_Warning_Proc
</UL>
<BR>[Called By]<UL><LI><a href="#[7e]">&gt;&gt;</a>&nbsp;&nbsp;&nbsp;IO_Ch_Func_Reset
<LI><a href="#[66]">&gt;&gt;</a>&nbsp;&nbsp;&nbsp;Config_Port_Pin_Range_Validate
<LI><a href="#[5a]">&gt;&gt;</a>&nbsp;&nbsp;&nbsp;Check_GPIO_Func
<LI><a href="#[67]">&gt;&gt;</a>&nbsp;&nbsp;&nbsp;Config_Port_Pin_Validate
</UL>

<P><STRONG><a name="[7f]"></a>IO_Channel_Read</STRONG> (ARM, 200 bytes, Stack size 32 bytes, io_lib.o(i.IO_Channel_Read))
<BR><BR>[Stack]<UL><LI>Max Depth = 536 + Unknown Stack Size
<LI>Call Chain = IO_Channel_Read &rArr; Check_GPIO_Func &rArr; IO_Ch_Validate &rArr; Print &rArr; VFile_Print &rArr; Print_Data &rArr; Print_Real_Num &rArr; Real_Num_To_Str_Conv &rArr; Int_To_Str &rArr; Reverse_Str_Use_Same_Str &rArr; Str_Len &rArr; Error_or_Warning_Proc &rArr;  Comm_Error_Proc (Cycle)
</UL>
<BR>[Calls]<UL><LI><a href="#[5a]">&gt;&gt;</a>&nbsp;&nbsp;&nbsp;Check_GPIO_Func
<LI><a href="#[45]">&gt;&gt;</a>&nbsp;&nbsp;&nbsp;Error_or_Warning_Proc
</UL>
<BR>[Called By]<UL><LI><a href="#[90]">&gt;&gt;</a>&nbsp;&nbsp;&nbsp;LCD_Read_Data_from_IO_Ch
</UL>

<P><STRONG><a name="[5d]"></a>IO_Channel_Write</STRONG> (ARM, 452 bytes, Stack size 32 bytes, io_lib.o(i.IO_Channel_Write))
<BR><BR>[Stack]<UL><LI>Max Depth = 536 + Unknown Stack Size
<LI>Call Chain = IO_Channel_Write &rArr; Check_GPIO_Func &rArr; IO_Ch_Validate &rArr; Print &rArr; VFile_Print &rArr; Print_Data &rArr; Print_Real_Num &rArr; Real_Num_To_Str_Conv &rArr; Int_To_Str &rArr; Reverse_Str_Use_Same_Str &rArr; Str_Len &rArr; Error_or_Warning_Proc &rArr;  Comm_Error_Proc (Cycle)
</UL>
<BR>[Calls]<UL><LI><a href="#[5a]">&gt;&gt;</a>&nbsp;&nbsp;&nbsp;Check_GPIO_Func
<LI><a href="#[49]">&gt;&gt;</a>&nbsp;&nbsp;&nbsp;Print
<LI><a href="#[45]">&gt;&gt;</a>&nbsp;&nbsp;&nbsp;Error_or_Warning_Proc
</UL>
<BR>[Called By]<UL><LI><a href="#[60]">&gt;&gt;</a>&nbsp;&nbsp;&nbsp;LCD_Disp_Char
<LI><a href="#[5c]">&gt;&gt;</a>&nbsp;&nbsp;&nbsp;Comm_Error_Proc
<LI><a href="#[b0]">&gt;&gt;</a>&nbsp;&nbsp;&nbsp;Reset_Process
<LI><a href="#[8e]">&gt;&gt;</a>&nbsp;&nbsp;&nbsp;LCD_Write_Command_NO_BF
<LI><a href="#[88]">&gt;&gt;</a>&nbsp;&nbsp;&nbsp;LCD_Write_Command
<LI><a href="#[8b]">&gt;&gt;</a>&nbsp;&nbsp;&nbsp;LCD_Write_Data_to_IO_Ch
<LI><a href="#[86]">&gt;&gt;</a>&nbsp;&nbsp;&nbsp;LCD_Read_Command
<LI><a href="#[85]">&gt;&gt;</a>&nbsp;&nbsp;&nbsp;LCD_Check_Busy
</UL>

<P><STRONG><a name="[80]"></a>IO_Channels_Func_Set</STRONG> (ARM, 1152 bytes, Stack size 24 bytes, io_lib.o(i.IO_Channels_Func_Set))
<BR><BR>[Stack]<UL><LI>Max Depth = 512 + Unknown Stack Size
<LI>Call Chain = IO_Channels_Func_Set &rArr; Config_Port_Pin_Range_Validate &rArr; IO_Ch_Validate &rArr; Print &rArr; VFile_Print &rArr; Print_Data &rArr; Print_Real_Num &rArr; Real_Num_To_Str_Conv &rArr; Int_To_Str &rArr; Reverse_Str_Use_Same_Str &rArr; Str_Len &rArr; Error_or_Warning_Proc &rArr;  Comm_Error_Proc (Cycle)
</UL>
<BR>[Calls]<UL><LI><a href="#[7d]">&gt;&gt;</a>&nbsp;&nbsp;&nbsp;Reset_IO_Chs
<LI><a href="#[66]">&gt;&gt;</a>&nbsp;&nbsp;&nbsp;Config_Port_Pin_Range_Validate
<LI><a href="#[81]">&gt;&gt;</a>&nbsp;&nbsp;&nbsp;Trace_IO_Func_Set_Validate
<LI><a href="#[72]">&gt;&gt;</a>&nbsp;&nbsp;&nbsp;Debug_IO_Func_Set_Validate
<LI><a href="#[64]">&gt;&gt;</a>&nbsp;&nbsp;&nbsp;Config_GPIO_Func_Set
<LI><a href="#[45]">&gt;&gt;</a>&nbsp;&nbsp;&nbsp;Error_or_Warning_Proc
</UL>
<BR>[Called By]<UL><LI><a href="#[48]">&gt;&gt;</a>&nbsp;&nbsp;&nbsp;Output_Dev_Init
<LI><a href="#[c]">&gt;&gt;</a>&nbsp;&nbsp;&nbsp;LCD_Init
<LI><a href="#[85]">&gt;&gt;</a>&nbsp;&nbsp;&nbsp;LCD_Check_Busy
</UL>

<P><STRONG><a name="[17]"></a>ISR_Brown_Out_Detect</STRONG> (ARM, 20 bytes, Stack size 8 bytes, main.o(i.ISR_Brown_Out_Detect))
<BR><BR>[Stack]<UL><LI>Max Depth = 8<LI>Call Chain = ISR_Brown_Out_Detect
</UL>
<BR>[Address Reference Count : 1]<UL><LI> main.o(.data)
</UL>
<P><STRONG><a name="[22]"></a>ISR_Non_Vector_IRQ</STRONG> (ARM, 20 bytes, Stack size 8 bytes, isr.o(i.ISR_Non_Vector_IRQ))
<BR><BR>[Stack]<UL><LI>Max Depth = 8<LI>Call Chain = ISR_Non_Vector_IRQ
</UL>
<BR>[Address Reference Count : 1]<UL><LI> isr.o(i.Reset_All_Interrupts)
</UL>
<P><STRONG><a name="[16]"></a>ISR_PLL</STRONG> (ARM, 20 bytes, Stack size 8 bytes, main.o(i.ISR_PLL))
<BR><BR>[Stack]<UL><LI>Max Depth = 8<LI>Call Chain = ISR_PLL
</UL>
<BR>[Address Reference Count : 1]<UL><LI> main.o(.data)
</UL>
<P><STRONG><a name="[14]"></a>ISR_UART_0</STRONG> (ARM, 20 bytes, Stack size 8 bytes, uart.o(i.ISR_UART_0))
<BR><BR>[Stack]<UL><LI>Max Depth = 8<LI>Call Chain = ISR_UART_0
</UL>
<BR>[Address Reference Count : 1]<UL><LI> main.o(.data)
</UL>
<P><STRONG><a name="[15]"></a>ISR_UART_1</STRONG> (ARM, 20 bytes, Stack size 8 bytes, uart.o(i.ISR_UART_1))
<BR><BR>[Stack]<UL><LI>Max Depth = 8<LI>Call Chain = ISR_UART_1
</UL>
<BR>[Address Reference Count : 1]<UL><LI> main.o(.data)
</UL>
<P><STRONG><a name="[82]"></a>Init_File</STRONG> (ARM, 416 bytes, Stack size 24 bytes, gen_std_lib_part_1.o(i.Init_File))
<BR><BR>[Stack]<UL><LI>Max Depth = 48<LI>Call Chain = Init_File &rArr; File_Flush &rArr; Error_or_Warning_Proc &rArr;  Comm_Error_Proc (Cycle)
</UL>
<BR>[Calls]<UL><LI><a href="#[76]">&gt;&gt;</a>&nbsp;&nbsp;&nbsp;File_Flush
<LI><a href="#[45]">&gt;&gt;</a>&nbsp;&nbsp;&nbsp;Error_or_Warning_Proc
</UL>
<BR>[Called By]<UL><LI><a href="#[4]">&gt;&gt;</a>&nbsp;&nbsp;&nbsp;UART_Init
</UL>

<P><STRONG><a name="[83]"></a>Int_To_Str</STRONG> (ARM, 328 bytes, Stack size 24 bytes, gen_std_lib_part_2.o(i.Int_To_Str))
<BR><BR>[Stack]<UL><LI>Max Depth = 80 + Unknown Stack Size
<LI>Call Chain = Int_To_Str &rArr; Reverse_Str_Use_Same_Str &rArr; Str_Len &rArr; Error_or_Warning_Proc &rArr;  Comm_Error_Proc (Cycle)
</UL>
<BR>[Calls]<UL><LI><a href="#[84]">&gt;&gt;</a>&nbsp;&nbsp;&nbsp;Reverse_Str_Use_Same_Str
<LI><a href="#[45]">&gt;&gt;</a>&nbsp;&nbsp;&nbsp;Error_or_Warning_Proc
<LI><a href="#[3f]">&gt;&gt;</a>&nbsp;&nbsp;&nbsp;__aeabi_uidivmod
</UL>
<BR>[Called By]<UL><LI><a href="#[9b]">&gt;&gt;</a>&nbsp;&nbsp;&nbsp;Real_Num_To_Str_Conv
</UL>

<P><STRONG><a name="[e]"></a>LCD_Allow_Access</STRONG> (ARM, 104 bytes, Stack size 16 bytes, lcd.o(i.LCD_Allow_Access))
<BR><BR>[Stack]<UL><LI>Max Depth = 872 + Unknown Stack Size
<LI>Call Chain = LCD_Allow_Access &rArr; Error_or_Warning_LCD_Proc &rArr; Comm_Error_Proc &rArr; LCD_Disp_Num &rArr;  Error_or_Warning_LCD_Proc (Cycle)
</UL>
<BR>[Calls]<UL><LI><a href="#[73]">&gt;&gt;</a>&nbsp;&nbsp;&nbsp;Error_or_Warning_LCD_Proc
</UL>
<BR>[Address Reference Count : 1]<UL><LI> dev_oper.o(.data)
</UL>
<P><STRONG><a name="[87]"></a>LCD_Clear_Screen</STRONG> (ARM, 152 bytes, Stack size 8 bytes, lcd.o(i.LCD_Clear_Screen))
<BR><BR>[Stack]<UL><LI>Max Depth = 864 + Unknown Stack Size
<LI>Call Chain = LCD_Clear_Screen &rArr; Error_or_Warning_LCD_Proc &rArr; Comm_Error_Proc &rArr; LCD_Disp_Num &rArr;  Error_or_Warning_LCD_Proc (Cycle)
</UL>
<BR>[Calls]<UL><LI><a href="#[89]">&gt;&gt;</a>&nbsp;&nbsp;&nbsp;Delay_MS
<LI><a href="#[88]">&gt;&gt;</a>&nbsp;&nbsp;&nbsp;LCD_Write_Command
<LI><a href="#[73]">&gt;&gt;</a>&nbsp;&nbsp;&nbsp;Error_or_Warning_LCD_Proc
</UL>
<BR>[Called By]<UL><LI><a href="#[c]">&gt;&gt;</a>&nbsp;&nbsp;&nbsp;LCD_Init
<LI><a href="#[a8]">&gt;&gt;</a>&nbsp;&nbsp;&nbsp;Reset_LCD_Ch
</UL>

<P><STRONG><a name="[b]"></a>LCD_DeInit</STRONG> (ARM, 424 bytes, Stack size 32 bytes, lcd.o(i.LCD_DeInit))
<BR><BR>[Stack]<UL><LI>Max Depth = 920 + Unknown Stack Size
<LI>Call Chain = LCD_DeInit &rArr; LCD_No_Access &rArr; LCD_Disable &rArr; Error_or_Warning_LCD_Proc &rArr; Comm_Error_Proc &rArr; LCD_Disp_Num &rArr;  Error_or_Warning_LCD_Proc (Cycle)
</UL>
<BR>[Calls]<UL><LI><a href="#[7e]">&gt;&gt;</a>&nbsp;&nbsp;&nbsp;IO_Ch_Func_Reset
<LI><a href="#[d]">&gt;&gt;</a>&nbsp;&nbsp;&nbsp;LCD_No_Access
<LI><a href="#[73]">&gt;&gt;</a>&nbsp;&nbsp;&nbsp;Error_or_Warning_LCD_Proc
</UL>
<BR>[Address Reference Count : 1]<UL><LI> dev_oper.o(.data)
</UL>
<P><STRONG><a name="[f]"></a>LCD_Disable</STRONG> (ARM, 104 bytes, Stack size 16 bytes, lcd.o(i.LCD_Disable))
<BR><BR>[Stack]<UL><LI>Max Depth = 872 + Unknown Stack Size
<LI>Call Chain = LCD_Disable &rArr; Error_or_Warning_LCD_Proc &rArr; Comm_Error_Proc &rArr; LCD_Disp_Num &rArr;  Error_or_Warning_LCD_Proc (Cycle)
</UL>
<BR>[Calls]<UL><LI><a href="#[73]">&gt;&gt;</a>&nbsp;&nbsp;&nbsp;Error_or_Warning_LCD_Proc
</UL>
<BR>[Called By]<UL><LI><a href="#[d]">&gt;&gt;</a>&nbsp;&nbsp;&nbsp;LCD_No_Access
</UL>
<BR>[Address Reference Count : 1]<UL><LI> dev_oper.o(.data)
</UL>
<P><STRONG><a name="[60]"></a>LCD_Disp_Char</STRONG> (ARM, 1260 bytes, Stack size 32 bytes, lcd.o(i.LCD_Disp_Char))
<BR><BR>[Stack]<UL><LI>Max Depth = 656 + Unknown Stack Size
 + In Cycle
<LI>Call Chain = LCD_Disp_Char &rArr;  Error_or_Warning_LCD_Proc (Cycle)
</UL>
<BR>[Calls]<UL><LI><a href="#[5d]">&gt;&gt;</a>&nbsp;&nbsp;&nbsp;IO_Channel_Write
<LI><a href="#[89]">&gt;&gt;</a>&nbsp;&nbsp;&nbsp;Delay_MS
<LI><a href="#[8a]">&gt;&gt;</a>&nbsp;&nbsp;&nbsp;LCD_From_Loc_to_XY
<LI><a href="#[8b]">&gt;&gt;</a>&nbsp;&nbsp;&nbsp;LCD_Write_Data_to_IO_Ch
<LI><a href="#[85]">&gt;&gt;</a>&nbsp;&nbsp;&nbsp;LCD_Check_Busy
<LI><a href="#[73]">&gt;&gt;</a>&nbsp;&nbsp;&nbsp;Error_or_Warning_LCD_Proc
</UL>
<BR>[Called By]<UL><LI><a href="#[61]">&gt;&gt;</a>&nbsp;&nbsp;&nbsp;LCD_Disp_Num
<LI><a href="#[5c]">&gt;&gt;</a>&nbsp;&nbsp;&nbsp;Comm_Error_Proc
<LI><a href="#[11]">&gt;&gt;</a>&nbsp;&nbsp;&nbsp;LCD_Write
<LI><a href="#[4e]">&gt;&gt;</a>&nbsp;&nbsp;&nbsp;LCD_Disp_Str
</UL>

<P><STRONG><a name="[4d]"></a>LCD_Disp_Goto_XY</STRONG> (ARM, 688 bytes, Stack size 32 bytes, lcd.o(i.LCD_Disp_Goto_XY))
<BR><BR>[Stack]<UL><LI>Max Depth = 672 + Unknown Stack Size
 + In Cycle
<LI>Call Chain = LCD_Disp_Goto_XY &rArr;  Error_or_Warning_LCD_Proc (Cycle)
</UL>
<BR>[Calls]<UL><LI><a href="#[49]">&gt;&gt;</a>&nbsp;&nbsp;&nbsp;Print
<LI><a href="#[88]">&gt;&gt;</a>&nbsp;&nbsp;&nbsp;LCD_Write_Command
<LI><a href="#[73]">&gt;&gt;</a>&nbsp;&nbsp;&nbsp;Error_or_Warning_LCD_Proc
</UL>
<BR>[Called By]<UL><LI><a href="#[5c]">&gt;&gt;</a>&nbsp;&nbsp;&nbsp;Comm_Error_Proc
<LI><a href="#[9]">&gt;&gt;</a>&nbsp;&nbsp;&nbsp;UART_Receive_Char
<LI><a href="#[11]">&gt;&gt;</a>&nbsp;&nbsp;&nbsp;LCD_Write
<LI><a href="#[4c]">&gt;&gt;</a>&nbsp;&nbsp;&nbsp;Appl_Proc
</UL>

<P><STRONG><a name="[61]"></a>LCD_Disp_Num</STRONG> (ARM, 1400 bytes, Stack size 88 bytes, lcd.o(i.LCD_Disp_Num))
<BR><BR>[Stack]<UL><LI>Max Depth = 768 + Unknown Stack Size
 + In Cycle
<LI>Call Chain = LCD_Disp_Num &rArr;  Error_or_Warning_LCD_Proc (Cycle)
</UL>
<BR>[Calls]<UL><LI><a href="#[60]">&gt;&gt;</a>&nbsp;&nbsp;&nbsp;LCD_Disp_Char
<LI><a href="#[8c]">&gt;&gt;</a>&nbsp;&nbsp;&nbsp;Power_Of
<LI><a href="#[4e]">&gt;&gt;</a>&nbsp;&nbsp;&nbsp;LCD_Disp_Str
<LI><a href="#[8d]">&gt;&gt;</a>&nbsp;&nbsp;&nbsp;__aeabi_d2uiz
<LI><a href="#[3f]">&gt;&gt;</a>&nbsp;&nbsp;&nbsp;__aeabi_uidivmod
<LI><a href="#[73]">&gt;&gt;</a>&nbsp;&nbsp;&nbsp;Error_or_Warning_LCD_Proc
</UL>
<BR>[Called By]<UL><LI><a href="#[5c]">&gt;&gt;</a>&nbsp;&nbsp;&nbsp;Comm_Error_Proc
<LI><a href="#[11]">&gt;&gt;</a>&nbsp;&nbsp;&nbsp;LCD_Write
</UL>

<P><STRONG><a name="[4e]"></a>LCD_Disp_Str</STRONG> (ARM, 236 bytes, Stack size 24 bytes, lcd.o(i.LCD_Disp_Str))
<BR><BR>[Stack]<UL><LI>Max Depth = 680 + Unknown Stack Size
 + In Cycle
<LI>Call Chain = LCD_Disp_Str &rArr;  Error_or_Warning_LCD_Proc (Cycle)
</UL>
<BR>[Calls]<UL><LI><a href="#[60]">&gt;&gt;</a>&nbsp;&nbsp;&nbsp;LCD_Disp_Char
<LI><a href="#[73]">&gt;&gt;</a>&nbsp;&nbsp;&nbsp;Error_or_Warning_LCD_Proc
</UL>
<BR>[Called By]<UL><LI><a href="#[61]">&gt;&gt;</a>&nbsp;&nbsp;&nbsp;LCD_Disp_Num
<LI><a href="#[5c]">&gt;&gt;</a>&nbsp;&nbsp;&nbsp;Comm_Error_Proc
<LI><a href="#[9]">&gt;&gt;</a>&nbsp;&nbsp;&nbsp;UART_Receive_Char
<LI><a href="#[11]">&gt;&gt;</a>&nbsp;&nbsp;&nbsp;LCD_Write
<LI><a href="#[4c]">&gt;&gt;</a>&nbsp;&nbsp;&nbsp;Appl_Proc
</UL>

<P><STRONG><a name="[10]"></a>LCD_Enable</STRONG> (ARM, 104 bytes, Stack size 16 bytes, lcd.o(i.LCD_Enable))
<BR><BR>[Stack]<UL><LI>Max Depth = 872 + Unknown Stack Size
<LI>Call Chain = LCD_Enable &rArr; Error_or_Warning_LCD_Proc &rArr; Comm_Error_Proc &rArr; LCD_Disp_Num &rArr;  Error_or_Warning_LCD_Proc (Cycle)
</UL>
<BR>[Calls]<UL><LI><a href="#[73]">&gt;&gt;</a>&nbsp;&nbsp;&nbsp;Error_or_Warning_LCD_Proc
</UL>
<BR>[Called By]<UL><LI><a href="#[4a]">&gt;&gt;</a>&nbsp;&nbsp;&nbsp;Appl_Init
</UL>
<BR>[Address Reference Count : 1]<UL><LI> dev_oper.o(.data)
</UL>
<P><STRONG><a name="[8a]"></a>LCD_From_Loc_to_XY</STRONG> (ARM, 620 bytes, Stack size 24 bytes, lcd.o(i.LCD_From_Loc_to_XY))
<BR><BR>[Stack]<UL><LI>Max Depth = 24 + In Cycle
<LI>Call Chain = LCD_From_Loc_to_XY &rArr;  Error_or_Warning_LCD_Proc (Cycle)
</UL>
<BR>[Calls]<UL><LI><a href="#[73]">&gt;&gt;</a>&nbsp;&nbsp;&nbsp;Error_or_Warning_LCD_Proc
</UL>
<BR>[Called By]<UL><LI><a href="#[60]">&gt;&gt;</a>&nbsp;&nbsp;&nbsp;LCD_Disp_Char
</UL>

<P><STRONG><a name="[c]"></a>LCD_Init</STRONG> (ARM, 1808 bytes, Stack size 32 bytes, lcd.o(i.LCD_Init))
<BR><BR>[Stack]<UL><LI>Max Depth = 904 + Unknown Stack Size
<LI>Call Chain = LCD_Init &rArr; LCD_Write_Command_NO_BF &rArr; Error_or_Warning_LCD_Proc &rArr; Comm_Error_Proc &rArr; LCD_Disp_Num &rArr;  Error_or_Warning_LCD_Proc (Cycle)
</UL>
<BR>[Calls]<UL><LI><a href="#[80]">&gt;&gt;</a>&nbsp;&nbsp;&nbsp;IO_Channels_Func_Set
<LI><a href="#[8f]">&gt;&gt;</a>&nbsp;&nbsp;&nbsp;Write_Bit_in_Data
<LI><a href="#[89]">&gt;&gt;</a>&nbsp;&nbsp;&nbsp;Delay_MS
<LI><a href="#[8e]">&gt;&gt;</a>&nbsp;&nbsp;&nbsp;LCD_Write_Command_NO_BF
<LI><a href="#[88]">&gt;&gt;</a>&nbsp;&nbsp;&nbsp;LCD_Write_Command
<LI><a href="#[87]">&gt;&gt;</a>&nbsp;&nbsp;&nbsp;LCD_Clear_Screen
<LI><a href="#[73]">&gt;&gt;</a>&nbsp;&nbsp;&nbsp;Error_or_Warning_LCD_Proc
</UL>
<BR>[Called By]<UL><LI><a href="#[47]">&gt;&gt;</a>&nbsp;&nbsp;&nbsp;Appl_HW_Init
</UL>
<BR>[Address Reference Count : 1]<UL><LI> dev_oper.o(.data)
</UL>
<P><STRONG><a name="[d]"></a>LCD_No_Access</STRONG> (ARM, 112 bytes, Stack size 16 bytes, lcd.o(i.LCD_No_Access))
<BR><BR>[Stack]<UL><LI>Max Depth = 888 + Unknown Stack Size
<LI>Call Chain = LCD_No_Access &rArr; LCD_Disable &rArr; Error_or_Warning_LCD_Proc &rArr; Comm_Error_Proc &rArr; LCD_Disp_Num &rArr;  Error_or_Warning_LCD_Proc (Cycle)
</UL>
<BR>[Calls]<UL><LI><a href="#[f]">&gt;&gt;</a>&nbsp;&nbsp;&nbsp;LCD_Disable
<LI><a href="#[73]">&gt;&gt;</a>&nbsp;&nbsp;&nbsp;Error_or_Warning_LCD_Proc
</UL>
<BR>[Called By]<UL><LI><a href="#[b]">&gt;&gt;</a>&nbsp;&nbsp;&nbsp;LCD_DeInit
</UL>
<BR>[Address Reference Count : 1]<UL><LI> dev_oper.o(.data)
</UL>
<P><STRONG><a name="[11]"></a>LCD_Write</STRONG> (ARM, 1468 bytes, Stack size 64 bytes, lcd.o(i.LCD_Write))
<BR><BR>[Stack]<UL><LI>Max Depth = 920 + Unknown Stack Size
<LI>Call Chain = LCD_Write &rArr; Error_or_Warning_LCD_Proc &rArr; Comm_Error_Proc &rArr; LCD_Disp_Num &rArr;  Error_or_Warning_LCD_Proc (Cycle)
</UL>
<BR>[Calls]<UL><LI><a href="#[61]">&gt;&gt;</a>&nbsp;&nbsp;&nbsp;LCD_Disp_Num
<LI><a href="#[60]">&gt;&gt;</a>&nbsp;&nbsp;&nbsp;LCD_Disp_Char
<LI><a href="#[4e]">&gt;&gt;</a>&nbsp;&nbsp;&nbsp;LCD_Disp_Str
<LI><a href="#[4d]">&gt;&gt;</a>&nbsp;&nbsp;&nbsp;LCD_Disp_Goto_XY
<LI><a href="#[44]">&gt;&gt;</a>&nbsp;&nbsp;&nbsp;Appl_Data_Retrieve_Para
<LI><a href="#[73]">&gt;&gt;</a>&nbsp;&nbsp;&nbsp;Error_or_Warning_LCD_Proc
</UL>
<BR>[Address Reference Count : 1]<UL><LI> dev_oper.o(.data)
</UL>
<P><STRONG><a name="[88]"></a>LCD_Write_Command</STRONG> (ARM, 1052 bytes, Stack size 16 bytes, lcd.o(i.LCD_Write_Command))
<BR><BR>[Stack]<UL><LI>Max Depth = 640 + Unknown Stack Size
 + In Cycle
<LI>Call Chain = LCD_Write_Command &rArr;  Error_or_Warning_LCD_Proc (Cycle)
</UL>
<BR>[Calls]<UL><LI><a href="#[5d]">&gt;&gt;</a>&nbsp;&nbsp;&nbsp;IO_Channel_Write
<LI><a href="#[89]">&gt;&gt;</a>&nbsp;&nbsp;&nbsp;Delay_MS
<LI><a href="#[8b]">&gt;&gt;</a>&nbsp;&nbsp;&nbsp;LCD_Write_Data_to_IO_Ch
<LI><a href="#[85]">&gt;&gt;</a>&nbsp;&nbsp;&nbsp;LCD_Check_Busy
<LI><a href="#[73]">&gt;&gt;</a>&nbsp;&nbsp;&nbsp;Error_or_Warning_LCD_Proc
</UL>
<BR>[Called By]<UL><LI><a href="#[c]">&gt;&gt;</a>&nbsp;&nbsp;&nbsp;LCD_Init
<LI><a href="#[4d]">&gt;&gt;</a>&nbsp;&nbsp;&nbsp;LCD_Disp_Goto_XY
<LI><a href="#[87]">&gt;&gt;</a>&nbsp;&nbsp;&nbsp;LCD_Clear_Screen
</UL>

<P><STRONG><a name="[8e]"></a>LCD_Write_Command_NO_BF</STRONG> (ARM, 600 bytes, Stack size 16 bytes, lcd.o(i.LCD_Write_Command_NO_BF))
<BR><BR>[Stack]<UL><LI>Max Depth = 872 + Unknown Stack Size
<LI>Call Chain = LCD_Write_Command_NO_BF &rArr; Error_or_Warning_LCD_Proc &rArr; Comm_Error_Proc &rArr; LCD_Disp_Num &rArr;  Error_or_Warning_LCD_Proc (Cycle)
</UL>
<BR>[Calls]<UL><LI><a href="#[5d]">&gt;&gt;</a>&nbsp;&nbsp;&nbsp;IO_Channel_Write
<LI><a href="#[89]">&gt;&gt;</a>&nbsp;&nbsp;&nbsp;Delay_MS
<LI><a href="#[8b]">&gt;&gt;</a>&nbsp;&nbsp;&nbsp;LCD_Write_Data_to_IO_Ch
<LI><a href="#[73]">&gt;&gt;</a>&nbsp;&nbsp;&nbsp;Error_or_Warning_LCD_Proc
</UL>
<BR>[Called By]<UL><LI><a href="#[c]">&gt;&gt;</a>&nbsp;&nbsp;&nbsp;LCD_Init
</UL>

<P><STRONG><a name="[4b]"></a>Next_Data_Conf_Parameter</STRONG> (ARM, 208 bytes, Stack size 8 bytes, gen_std_lib_part_1.o(i.Next_Data_Conf_Parameter))
<BR><BR>[Stack]<UL><LI>Max Depth = 560 + Unknown Stack Size
<LI>Call Chain = Next_Data_Conf_Parameter &rArr; Data_Dev_Src_Access_Oper_Func &rArr; Cur_Data_ID_Devs_Src_Basic_Oper_Func &rArr; Cur_Data_ID_Dev_Src_Basic_Oper_Func &rArr; Print &rArr; VFile_Print &rArr; Print_Data &rArr; Print_Real_Num &rArr; Real_Num_To_Str_Conv &rArr; Int_To_Str &rArr; Reverse_Str_Use_Same_Str &rArr; Str_Len &rArr; Error_or_Warning_Proc &rArr;  Comm_Error_Proc (Cycle)
</UL>
<BR>[Calls]<UL><LI><a href="#[6e]">&gt;&gt;</a>&nbsp;&nbsp;&nbsp;Data_Dev_Src_Access_Oper_Func
<LI><a href="#[45]">&gt;&gt;</a>&nbsp;&nbsp;&nbsp;Error_or_Warning_Proc
</UL>
<BR>[Called By]<UL><LI><a href="#[4a]">&gt;&gt;</a>&nbsp;&nbsp;&nbsp;Appl_Init
</UL>

<P><STRONG><a name="[91]"></a>Non_GPIO_Func_Set</STRONG> (ARM, 296 bytes, Stack size 24 bytes, io_lib.o(i.Non_GPIO_Func_Set))
<BR><BR>[Stack]<UL><LI>Max Depth = 496 + Unknown Stack Size
<LI>Call Chain = Non_GPIO_Func_Set &rArr; Config_Port_Pin_Validate &rArr; IO_Ch_Validate &rArr; Print &rArr; VFile_Print &rArr; Print_Data &rArr; Print_Real_Num &rArr; Real_Num_To_Str_Conv &rArr; Int_To_Str &rArr; Reverse_Str_Use_Same_Str &rArr; Str_Len &rArr; Error_or_Warning_Proc &rArr;  Comm_Error_Proc (Cycle)
</UL>
<BR>[Calls]<UL><LI><a href="#[67]">&gt;&gt;</a>&nbsp;&nbsp;&nbsp;Config_Port_Pin_Validate
<LI><a href="#[45]">&gt;&gt;</a>&nbsp;&nbsp;&nbsp;Error_or_Warning_Proc
</UL>
<BR>[Called By]<UL><LI><a href="#[4]">&gt;&gt;</a>&nbsp;&nbsp;&nbsp;UART_Init
</UL>

<P><STRONG><a name="[48]"></a>Output_Dev_Init</STRONG> (ARM, 180 bytes, Stack size 16 bytes, io_lib.o(i.Output_Dev_Init))
<BR><BR>[Stack]<UL><LI>Max Depth = 528 + Unknown Stack Size
<LI>Call Chain = Output_Dev_Init &rArr; IO_Channels_Func_Set &rArr; Config_Port_Pin_Range_Validate &rArr; IO_Ch_Validate &rArr; Print &rArr; VFile_Print &rArr; Print_Data &rArr; Print_Real_Num &rArr; Real_Num_To_Str_Conv &rArr; Int_To_Str &rArr; Reverse_Str_Use_Same_Str &rArr; Str_Len &rArr; Error_or_Warning_Proc &rArr;  Comm_Error_Proc (Cycle)
</UL>
<BR>[Calls]<UL><LI><a href="#[80]">&gt;&gt;</a>&nbsp;&nbsp;&nbsp;IO_Channels_Func_Set
<LI><a href="#[45]">&gt;&gt;</a>&nbsp;&nbsp;&nbsp;Error_or_Warning_Proc
</UL>
<BR>[Called By]<UL><LI><a href="#[47]">&gt;&gt;</a>&nbsp;&nbsp;&nbsp;Appl_HW_Init
</UL>

<P><STRONG><a name="[8c]"></a>Power_Of</STRONG> (ARM, 172 bytes, Stack size 40 bytes, gen_std_lib_part_1.o(i.Power_Of))
<BR><BR>[Stack]<UL><LI>Max Depth = 72<LI>Call Chain = Power_Of &rArr; __aeabi_dmul
</UL>
<BR>[Calls]<UL><LI><a href="#[53]">&gt;&gt;</a>&nbsp;&nbsp;&nbsp;__aeabi_dmul
<LI><a href="#[92]">&gt;&gt;</a>&nbsp;&nbsp;&nbsp;__aeabi_ui2d
<LI><a href="#[93]">&gt;&gt;</a>&nbsp;&nbsp;&nbsp;__aeabi_ddiv
</UL>
<BR>[Called By]<UL><LI><a href="#[b6]">&gt;&gt;</a>&nbsp;&nbsp;&nbsp;Str_To_Real_Num_Conv
<LI><a href="#[9b]">&gt;&gt;</a>&nbsp;&nbsp;&nbsp;Real_Num_To_Str_Conv
<LI><a href="#[62]">&gt;&gt;</a>&nbsp;&nbsp;&nbsp;UART_Transmit_Num
<LI><a href="#[61]">&gt;&gt;</a>&nbsp;&nbsp;&nbsp;LCD_Disp_Num
</UL>

<P><STRONG><a name="[49]"></a>Print</STRONG> (ARM, 212 bytes, Stack size 32 bytes, uart.o(i.Print))
<BR><BR>[Stack]<UL><LI>Max Depth = 432 + Unknown Stack Size
<LI>Call Chain = Print &rArr; VFile_Print &rArr; Print_Data &rArr; Print_Real_Num &rArr; Real_Num_To_Str_Conv &rArr; Int_To_Str &rArr; Reverse_Str_Use_Same_Str &rArr; Str_Len &rArr; Error_or_Warning_Proc &rArr;  Comm_Error_Proc (Cycle)
</UL>
<BR>[Calls]<UL><LI><a href="#[94]">&gt;&gt;</a>&nbsp;&nbsp;&nbsp;VFile_Print
<LI><a href="#[45]">&gt;&gt;</a>&nbsp;&nbsp;&nbsp;Error_or_Warning_Proc
</UL>
<BR>[Called By]<UL><LI><a href="#[5b]">&gt;&gt;</a>&nbsp;&nbsp;&nbsp;IO_Ch_Validate
<LI><a href="#[5a]">&gt;&gt;</a>&nbsp;&nbsp;&nbsp;Check_GPIO_Func
<LI><a href="#[5d]">&gt;&gt;</a>&nbsp;&nbsp;&nbsp;IO_Channel_Write
<LI><a href="#[68]">&gt;&gt;</a>&nbsp;&nbsp;&nbsp;Cur_Data_ID_Dev_Src_Basic_Oper_Func
<LI><a href="#[4d]">&gt;&gt;</a>&nbsp;&nbsp;&nbsp;LCD_Disp_Goto_XY
<LI><a href="#[4c]">&gt;&gt;</a>&nbsp;&nbsp;&nbsp;Appl_Proc
<LI><a href="#[47]">&gt;&gt;</a>&nbsp;&nbsp;&nbsp;Appl_HW_Init
<LI><a href="#[8b]">&gt;&gt;</a>&nbsp;&nbsp;&nbsp;LCD_Write_Data_to_IO_Ch
</UL>

<P><STRONG><a name="[9c]"></a>Put_Char</STRONG> (ARM, 228 bytes, Stack size 24 bytes, uart.o(i.Put_Char))
<BR><BR>[Stack]<UL><LI>Max Depth = 72<LI>Call Chain = Put_Char &rArr; UART_Transmit_Char &rArr; Error_or_Warning_UART_Proc &rArr;  Comm_Error_Proc (Cycle)
</UL>
<BR>[Calls]<UL><LI><a href="#[57]">&gt;&gt;</a>&nbsp;&nbsp;&nbsp;UART_Transmit_Char
<LI><a href="#[45]">&gt;&gt;</a>&nbsp;&nbsp;&nbsp;Error_or_Warning_Proc
<LI><a href="#[75]">&gt;&gt;</a>&nbsp;&nbsp;&nbsp;Error_or_Warning_UART_Proc
</UL>
<BR>[Called By]<UL><LI><a href="#[79]">&gt;&gt;</a>&nbsp;&nbsp;&nbsp;Write_Oper
</UL>

<P><STRONG><a name="[9b]"></a>Real_Num_To_Str_Conv</STRONG> (ARM, 1212 bytes, Stack size 88 bytes, gen_std_lib_part_2.o(i.Real_Num_To_Str_Conv))
<BR><BR>[Stack]<UL><LI>Max Depth = 168 + Unknown Stack Size
<LI>Call Chain = Real_Num_To_Str_Conv &rArr; Int_To_Str &rArr; Reverse_Str_Use_Same_Str &rArr; Str_Len &rArr; Error_or_Warning_Proc &rArr;  Comm_Error_Proc (Cycle)
</UL>
<BR>[Calls]<UL><LI><a href="#[83]">&gt;&gt;</a>&nbsp;&nbsp;&nbsp;Int_To_Str
<LI><a href="#[8c]">&gt;&gt;</a>&nbsp;&nbsp;&nbsp;Power_Of
<LI><a href="#[45]">&gt;&gt;</a>&nbsp;&nbsp;&nbsp;Error_or_Warning_Proc
<LI><a href="#[a5]">&gt;&gt;</a>&nbsp;&nbsp;&nbsp;__aeabi_fmul
<LI><a href="#[a3]">&gt;&gt;</a>&nbsp;&nbsp;&nbsp;__aeabi_cfcmple
<LI><a href="#[9e]">&gt;&gt;</a>&nbsp;&nbsp;&nbsp;__aeabi_i2f
<LI><a href="#[9d]">&gt;&gt;</a>&nbsp;&nbsp;&nbsp;__aeabi_f2iz
<LI><a href="#[9f]">&gt;&gt;</a>&nbsp;&nbsp;&nbsp;__aeabi_frsub
<LI><a href="#[53]">&gt;&gt;</a>&nbsp;&nbsp;&nbsp;__aeabi_dmul
<LI><a href="#[a4]">&gt;&gt;</a>&nbsp;&nbsp;&nbsp;__aeabi_cdcmple
<LI><a href="#[a1]">&gt;&gt;</a>&nbsp;&nbsp;&nbsp;__aeabi_i2d
<LI><a href="#[a0]">&gt;&gt;</a>&nbsp;&nbsp;&nbsp;__aeabi_d2iz
<LI><a href="#[a2]">&gt;&gt;</a>&nbsp;&nbsp;&nbsp;__aeabi_drsub
<LI><a href="#[99]">&gt;&gt;</a>&nbsp;&nbsp;&nbsp;__aeabi_d2f
</UL>
<BR>[Called By]<UL><LI><a href="#[9a]">&gt;&gt;</a>&nbsp;&nbsp;&nbsp;Print_Real_Num
</UL>

<P><STRONG><a name="[a6]"></a>Reset_All_Interrupts</STRONG> (ARM, 164 bytes, Stack size 16 bytes, isr.o(i.Reset_All_Interrupts))
<BR><BR>[Stack]<UL><LI>Max Depth = 56<LI>Call Chain = Reset_All_Interrupts &rArr; Reset_Src_Interrupt_Data_Arr &rArr; Reset_Src_Interrupt_Data_Arr_By_Specific_Index &rArr; Error_or_Warning_Proc &rArr;  Comm_Error_Proc (Cycle)
</UL>
<BR>[Calls]<UL><LI><a href="#[6d]">&gt;&gt;</a>&nbsp;&nbsp;&nbsp;Reset_Src_Interrupt_Data_Arr
<LI><a href="#[45]">&gt;&gt;</a>&nbsp;&nbsp;&nbsp;Error_or_Warning_Proc
</UL>
<BR>[Called By]<UL><LI><a href="#[b0]">&gt;&gt;</a>&nbsp;&nbsp;&nbsp;Reset_Process
</UL>

<P><STRONG><a name="[a7]"></a>Reset_All_LCD_Chs</STRONG> (ARM, 120 bytes, Stack size 16 bytes, lcd.o(i.Reset_All_LCD_Chs))
<BR><BR>[Stack]<UL><LI>Max Depth = 912 + Unknown Stack Size
<LI>Call Chain = Reset_All_LCD_Chs &rArr; Reset_LCD_Ch &rArr; Reset_LCD_Cur_Data_Status_Para &rArr; Error_or_Warning_LCD_Proc &rArr; Comm_Error_Proc &rArr; LCD_Disp_Num &rArr;  Error_or_Warning_LCD_Proc (Cycle)
</UL>
<BR>[Calls]<UL><LI><a href="#[a8]">&gt;&gt;</a>&nbsp;&nbsp;&nbsp;Reset_LCD_Ch
<LI><a href="#[73]">&gt;&gt;</a>&nbsp;&nbsp;&nbsp;Error_or_Warning_LCD_Proc
</UL>
<BR>[Called By]<UL><LI><a href="#[b0]">&gt;&gt;</a>&nbsp;&nbsp;&nbsp;Reset_Process
</UL>

<P><STRONG><a name="[a9]"></a>Reset_All_UART_Chs</STRONG> (ARM, 64 bytes, Stack size 16 bytes, uart.o(i.Reset_All_UART_Chs))
<BR><BR>[Stack]<UL><LI>Max Depth = 96<LI>Call Chain = Reset_All_UART_Chs &rArr; Reset_UART_Ch &rArr; UART_No_Access &rArr; UART_Disable &rArr; Error_or_Warning_UART_Proc &rArr;  Comm_Error_Proc (Cycle)
</UL>
<BR>[Calls]<UL><LI><a href="#[76]">&gt;&gt;</a>&nbsp;&nbsp;&nbsp;File_Flush
<LI><a href="#[aa]">&gt;&gt;</a>&nbsp;&nbsp;&nbsp;Reset_UART_Ch
</UL>
<BR>[Called By]<UL><LI><a href="#[b0]">&gt;&gt;</a>&nbsp;&nbsp;&nbsp;Reset_Process
</UL>

<P><STRONG><a name="[54]"></a>Reset_Data_ID_Status</STRONG> (ARM, 320 bytes, Stack size 16 bytes, gen_std_lib_part_1.o(i.Reset_Data_ID_Status))
<BR><BR>[Stack]<UL><LI>Max Depth = 32<LI>Call Chain = Reset_Data_ID_Status &rArr; Error_or_Warning_Proc &rArr;  Comm_Error_Proc (Cycle)
</UL>
<BR>[Calls]<UL><LI><a href="#[45]">&gt;&gt;</a>&nbsp;&nbsp;&nbsp;Error_or_Warning_Proc
<LI><a href="#[ab]">&gt;&gt;</a>&nbsp;&nbsp;&nbsp;__aeabi_memclr4
</UL>
<BR>[Called By]<UL><LI><a href="#[ad]">&gt;&gt;</a>&nbsp;&nbsp;&nbsp;Set_Status_Reset_Data_IDs
<LI><a href="#[6f]">&gt;&gt;</a>&nbsp;&nbsp;&nbsp;Data_ID_Set_Para
<LI><a href="#[4c]">&gt;&gt;</a>&nbsp;&nbsp;&nbsp;Appl_Proc
</UL>

<P><STRONG><a name="[ac]"></a>Reset_Data_IDs_Status</STRONG> (ARM, 44 bytes, Stack size 8 bytes, gen_std_lib_part_1.o(i.Reset_Data_IDs_Status))
<BR><BR>[Stack]<UL><LI>Max Depth = 56<LI>Call Chain = Reset_Data_IDs_Status &rArr; Set_Status_Reset_Data_IDs &rArr; Reset_Data_ID_Status &rArr; Error_or_Warning_Proc &rArr;  Comm_Error_Proc (Cycle)
</UL>
<BR>[Calls]<UL><LI><a href="#[ad]">&gt;&gt;</a>&nbsp;&nbsp;&nbsp;Set_Status_Reset_Data_IDs
</UL>
<BR>[Called By]<UL><LI><a href="#[b0]">&gt;&gt;</a>&nbsp;&nbsp;&nbsp;Reset_Process
</UL>

<P><STRONG><a name="[7d]"></a>Reset_IO_Chs</STRONG> (ARM, 16 bytes, Stack size 4 bytes, io_lib.o(i.Reset_IO_Chs))
<BR><BR>[Stack]<UL><LI>Max Depth = 4<LI>Call Chain = Reset_IO_Chs
</UL>
<BR>[Calls]<UL><LI><a href="#[ae]">&gt;&gt;</a>&nbsp;&nbsp;&nbsp;Reset_Ports
</UL>
<BR>[Called By]<UL><LI><a href="#[80]">&gt;&gt;</a>&nbsp;&nbsp;&nbsp;IO_Channels_Func_Set
<LI><a href="#[7b]">&gt;&gt;</a>&nbsp;&nbsp;&nbsp;HW_Init
</UL>

<P><STRONG><a name="[a8]"></a>Reset_LCD_Ch</STRONG> (ARM, 256 bytes, Stack size 24 bytes, lcd.o(i.Reset_LCD_Ch))
<BR><BR>[Stack]<UL><LI>Max Depth = 896 + Unknown Stack Size
<LI>Call Chain = Reset_LCD_Ch &rArr; Reset_LCD_Cur_Data_Status_Para &rArr; Error_or_Warning_LCD_Proc &rArr; Comm_Error_Proc &rArr; LCD_Disp_Num &rArr;  Error_or_Warning_LCD_Proc (Cycle)
</UL>
<BR>[Calls]<UL><LI><a href="#[af]">&gt;&gt;</a>&nbsp;&nbsp;&nbsp;Reset_LCD_Cur_Data_Status_Para
<LI><a href="#[87]">&gt;&gt;</a>&nbsp;&nbsp;&nbsp;LCD_Clear_Screen
<LI><a href="#[73]">&gt;&gt;</a>&nbsp;&nbsp;&nbsp;Error_or_Warning_LCD_Proc
</UL>
<BR>[Called By]<UL><LI><a href="#[a7]">&gt;&gt;</a>&nbsp;&nbsp;&nbsp;Reset_All_LCD_Chs
</UL>

<P><STRONG><a name="[af]"></a>Reset_LCD_Cur_Data_Status_Para</STRONG> (ARM, 176 bytes, Stack size 16 bytes, lcd.o(i.Reset_LCD_Cur_Data_Status_Para))
<BR><BR>[Stack]<UL><LI>Max Depth = 872 + Unknown Stack Size
<LI>Call Chain = Reset_LCD_Cur_Data_Status_Para &rArr; Error_or_Warning_LCD_Proc &rArr; Comm_Error_Proc &rArr; LCD_Disp_Num &rArr;  Error_or_Warning_LCD_Proc (Cycle)
</UL>
<BR>[Calls]<UL><LI><a href="#[73]">&gt;&gt;</a>&nbsp;&nbsp;&nbsp;Error_or_Warning_LCD_Proc
</UL>
<BR>[Called By]<UL><LI><a href="#[a8]">&gt;&gt;</a>&nbsp;&nbsp;&nbsp;Reset_LCD_Ch
</UL>

<P><STRONG><a name="[ae]"></a>Reset_Ports</STRONG> (ARM, 104 bytes, Stack size 0 bytes, io_lib.o(i.Reset_Ports))
<BR><BR>[Called By]<UL><LI><a href="#[7d]">&gt;&gt;</a>&nbsp;&nbsp;&nbsp;Reset_IO_Chs
</UL>

<P><STRONG><a name="[b0]"></a>Reset_Process</STRONG> (ARM, 304 bytes, Stack size 8 bytes, main.o(i.Reset_Process))
<BR><BR>[Stack]<UL><LI>Max Depth = 920 + Unknown Stack Size
<LI>Call Chain = Reset_Process &rArr; Reset_All_LCD_Chs &rArr; Reset_LCD_Ch &rArr; Reset_LCD_Cur_Data_Status_Para &rArr; Error_or_Warning_LCD_Proc &rArr; Comm_Error_Proc &rArr; LCD_Disp_Num &rArr;  Error_or_Warning_LCD_Proc (Cycle)
</UL>
<BR>[Calls]<UL><LI><a href="#[5d]">&gt;&gt;</a>&nbsp;&nbsp;&nbsp;IO_Channel_Write
<LI><a href="#[ac]">&gt;&gt;</a>&nbsp;&nbsp;&nbsp;Reset_Data_IDs_Status
<LI><a href="#[45]">&gt;&gt;</a>&nbsp;&nbsp;&nbsp;Error_or_Warning_Proc
<LI><a href="#[58]">&gt;&gt;</a>&nbsp;&nbsp;&nbsp;Appl_Reset
<LI><a href="#[a9]">&gt;&gt;</a>&nbsp;&nbsp;&nbsp;Reset_All_UART_Chs
<LI><a href="#[a7]">&gt;&gt;</a>&nbsp;&nbsp;&nbsp;Reset_All_LCD_Chs
<LI><a href="#[a6]">&gt;&gt;</a>&nbsp;&nbsp;&nbsp;Reset_All_Interrupts
</UL>
<BR>[Called By]<UL><LI><a href="#[b9]">&gt;&gt;</a>&nbsp;&nbsp;&nbsp;System_Init
</UL>

<P><STRONG><a name="[6d]"></a>Reset_Src_Interrupt_Data_Arr</STRONG> (ARM, 132 bytes, Stack size 16 bytes, isr.o(i.Reset_Src_Interrupt_Data_Arr))
<BR><BR>[Stack]<UL><LI>Max Depth = 40<LI>Call Chain = Reset_Src_Interrupt_Data_Arr &rArr; Reset_Src_Interrupt_Data_Arr_By_Specific_Index &rArr; Error_or_Warning_Proc &rArr;  Comm_Error_Proc (Cycle)
</UL>
<BR>[Calls]<UL><LI><a href="#[45]">&gt;&gt;</a>&nbsp;&nbsp;&nbsp;Error_or_Warning_Proc
<LI><a href="#[b1]">&gt;&gt;</a>&nbsp;&nbsp;&nbsp;Reset_Src_Interrupt_Data_Arr_By_Specific_Index
</UL>
<BR>[Called By]<UL><LI><a href="#[52]">&gt;&gt;</a>&nbsp;&nbsp;&nbsp;Cur_Data_ID_Read_Oper_Func
<LI><a href="#[a6]">&gt;&gt;</a>&nbsp;&nbsp;&nbsp;Reset_All_Interrupts
</UL>

<P><STRONG><a name="[aa]"></a>Reset_UART_Ch</STRONG> (ARM, 384 bytes, Stack size 16 bytes, uart.o(i.Reset_UART_Ch))
<BR><BR>[Stack]<UL><LI>Max Depth = 80<LI>Call Chain = Reset_UART_Ch &rArr; UART_No_Access &rArr; UART_Disable &rArr; Error_or_Warning_UART_Proc &rArr;  Comm_Error_Proc (Cycle)
</UL>
<BR>[Calls]<UL><LI><a href="#[5]">&gt;&gt;</a>&nbsp;&nbsp;&nbsp;UART_No_Access
<LI><a href="#[13]">&gt;&gt;</a>&nbsp;&nbsp;&nbsp;UART_Transmit_Enable_Ctrl
<LI><a href="#[12]">&gt;&gt;</a>&nbsp;&nbsp;&nbsp;UART_Receive_Enable_Ctrl
<LI><a href="#[75]">&gt;&gt;</a>&nbsp;&nbsp;&nbsp;Error_or_Warning_UART_Proc
</UL>
<BR>[Called By]<UL><LI><a href="#[a9]">&gt;&gt;</a>&nbsp;&nbsp;&nbsp;Reset_All_UART_Chs
</UL>

<P><STRONG><a name="[84]"></a>Reverse_Str_Use_Same_Str</STRONG> (ARM, 272 bytes, Stack size 24 bytes, gen_std_lib_part_1.o(i.Reverse_Str_Use_Same_Str))
<BR><BR>[Stack]<UL><LI>Max Depth = 56<LI>Call Chain = Reverse_Str_Use_Same_Str &rArr; Str_Len &rArr; Error_or_Warning_Proc &rArr;  Comm_Error_Proc (Cycle)
</UL>
<BR>[Calls]<UL><LI><a href="#[5f]">&gt;&gt;</a>&nbsp;&nbsp;&nbsp;Str_Len
<LI><a href="#[45]">&gt;&gt;</a>&nbsp;&nbsp;&nbsp;Error_or_Warning_Proc
</UL>
<BR>[Called By]<UL><LI><a href="#[83]">&gt;&gt;</a>&nbsp;&nbsp;&nbsp;Int_To_Str
</UL>

<P><STRONG><a name="[6b]"></a>Search_Src_Interrupt_Data_Arr_By_Src</STRONG> (ARM, 236 bytes, Stack size 16 bytes, isr.o(i.Search_Src_Interrupt_Data_Arr_By_Src))
<BR><BR>[Stack]<UL><LI>Max Depth = 32<LI>Call Chain = Search_Src_Interrupt_Data_Arr_By_Src &rArr; Error_or_Warning_Proc &rArr;  Comm_Error_Proc (Cycle)
</UL>
<BR>[Calls]<UL><LI><a href="#[45]">&gt;&gt;</a>&nbsp;&nbsp;&nbsp;Error_or_Warning_Proc
</UL>
<BR>[Called By]<UL><LI><a href="#[52]">&gt;&gt;</a>&nbsp;&nbsp;&nbsp;Cur_Data_ID_Read_Oper_Func
</UL>

<P><STRONG><a name="[ad]"></a>Set_Status_Reset_Data_IDs</STRONG> (ARM, 116 bytes, Stack size 16 bytes, gen_std_lib_part_1.o(i.Set_Status_Reset_Data_IDs))
<BR><BR>[Stack]<UL><LI>Max Depth = 48<LI>Call Chain = Set_Status_Reset_Data_IDs &rArr; Reset_Data_ID_Status &rArr; Error_or_Warning_Proc &rArr;  Comm_Error_Proc (Cycle)
</UL>
[...]
<BR><BR>[Stack]<UL><LI>Max Depth = 72<LI>Call Chain = Data_ID_Read_Try_Complete_Proc &rArr; Appl_Data_Retrieve_Para &rArr; Error_or_Warning_Proc &rArr;  Comm_Error_Proc (Cycle)
</UL>
<BR>[Calls]<UL><LI><a href="#[45]">&gt;&gt;</a>&nbsp;&nbsp;&nbsp;Error_or_Warning_Proc
<LI><a href="#[44]">&gt;&gt;</a>&nbsp;&nbsp;&nbsp;Appl_Data_Retrieve_Para
</UL>
<BR>[Called By]<UL><LI><a href="#[52]">&gt;&gt;</a>&nbsp;&nbsp;&nbsp;Cur_Data_ID_Read_Oper_Func
</UL>

<P><STRONG><a name="[6c]"></a>Dev_Oper_Read_Status_Proc</STRONG> (ARM, 2120 bytes, Stack size 48 bytes, dev_oper.o(i.Dev_Oper_Read_Status_Proc))
<BR><BR>[Stack]<UL><LI>Max Depth = 104<LI>Call Chain = Dev_Oper_Read_Status_Proc &rArr; Appl_Data_Retrieve_Para &rArr; Error_or_Warning_Proc &rArr;  Comm_Error_Proc (Cycle)
</UL>
<BR>[Calls]<UL><LI><a href="#[45]">&gt;&gt;</a>&nbsp;&nbsp;&nbsp;Error_or_Warning_Proc
<LI><a href="#[44]">&gt;&gt;</a>&nbsp;&nbsp;&nbsp;Appl_Data_Retrieve_Para
</UL>
<BR>[Called By]<UL><LI><a href="#[52]">&gt;&gt;</a>&nbsp;&nbsp;&nbsp;Cur_Data_ID_Read_Oper_Func
</UL>

<P><STRONG><a name="[96]"></a>Print_Char</STRONG> (ARM, 40 bytes, Stack size 0 bytes, gen_std_lib_part_2.o(i.Print_Char))
<BR><BR>[Called By]<UL><LI><a href="#[97]">&gt;&gt;</a>&nbsp;&nbsp;&nbsp;Print_Str
<LI><a href="#[98]">&gt;&gt;</a>&nbsp;&nbsp;&nbsp;Print_Num
<LI><a href="#[95]">&gt;&gt;</a>&nbsp;&nbsp;&nbsp;Print_Data
</UL>

<P><STRONG><a name="[95]"></a>Print_Data</STRONG> (ARM, 2724 bytes, Stack size 104 bytes, gen_std_lib_part_2.o(i.Print_Data))
<BR><BR>[Stack]<UL><LI>Max Depth = 376 + Unknown Stack Size
<LI>Call Chain = Print_Data &rArr; Print_Real_Num &rArr; Real_Num_To_Str_Conv &rArr; Int_To_Str &rArr; Reverse_Str_Use_Same_Str &rArr; Str_Len &rArr; Error_or_Warning_Proc &rArr;  Comm_Error_Proc (Cycle)
</UL>
<BR>[Calls]<UL><LI><a href="#[7a]">&gt;&gt;</a>&nbsp;&nbsp;&nbsp;File_Put_Str
<LI><a href="#[97]">&gt;&gt;</a>&nbsp;&nbsp;&nbsp;Print_Str
<LI><a href="#[9a]">&gt;&gt;</a>&nbsp;&nbsp;&nbsp;Print_Real_Num
<LI><a href="#[98]">&gt;&gt;</a>&nbsp;&nbsp;&nbsp;Print_Num
<LI><a href="#[96]">&gt;&gt;</a>&nbsp;&nbsp;&nbsp;Print_Char
<LI><a href="#[76]">&gt;&gt;</a>&nbsp;&nbsp;&nbsp;File_Flush
<LI><a href="#[45]">&gt;&gt;</a>&nbsp;&nbsp;&nbsp;Error_or_Warning_Proc
<LI><a href="#[99]">&gt;&gt;</a>&nbsp;&nbsp;&nbsp;__aeabi_d2f
</UL>
<BR>[Called By]<UL><LI><a href="#[94]">&gt;&gt;</a>&nbsp;&nbsp;&nbsp;VFile_Print
</UL>

<P><STRONG><a name="[98]"></a>Print_Num</STRONG> (ARM, 580 bytes, Stack size 88 bytes, gen_std_lib_part_2.o(i.Print_Num))
<BR><BR>[Stack]<UL><LI>Max Depth = 160 + Unknown Stack Size
<LI>Call Chain = Print_Num &rArr; Print_Str &rArr; Str_Len &rArr; Error_or_Warning_Proc &rArr;  Comm_Error_Proc (Cycle)
</UL>
<BR>[Calls]<UL><LI><a href="#[97]">&gt;&gt;</a>&nbsp;&nbsp;&nbsp;Print_Str
<LI><a href="#[96]">&gt;&gt;</a>&nbsp;&nbsp;&nbsp;Print_Char
<LI><a href="#[45]">&gt;&gt;</a>&nbsp;&nbsp;&nbsp;Error_or_Warning_Proc
<LI><a href="#[3f]">&gt;&gt;</a>&nbsp;&nbsp;&nbsp;__aeabi_uidivmod
</UL>
<BR>[Called By]<UL><LI><a href="#[95]">&gt;&gt;</a>&nbsp;&nbsp;&nbsp;Print_Data
</UL>

<P><STRONG><a name="[9a]"></a>Print_Real_Num</STRONG> (ARM, 336 bytes, Stack size 104 bytes, gen_std_lib_part_2.o(i.Print_Real_Num))
<BR><BR>[Stack]<UL><LI>Max Depth = 272 + Unknown Stack Size
<LI>Call Chain = Print_Real_Num &rArr; Real_Num_To_Str_Conv &rArr; Int_To_Str &rArr; Reverse_Str_Use_Same_Str &rArr; Str_Len &rArr; Error_or_Warning_Proc &rArr;  Comm_Error_Proc (Cycle)
</UL>
<BR>[Calls]<UL><LI><a href="#[9b]">&gt;&gt;</a>&nbsp;&nbsp;&nbsp;Real_Num_To_Str_Conv
<LI><a href="#[97]">&gt;&gt;</a>&nbsp;&nbsp;&nbsp;Print_Str
<LI><a href="#[45]">&gt;&gt;</a>&nbsp;&nbsp;&nbsp;Error_or_Warning_Proc
</UL>
<BR>[Called By]<UL><LI><a href="#[95]">&gt;&gt;</a>&nbsp;&nbsp;&nbsp;Print_Data
</UL>

<P><STRONG><a name="[97]"></a>Print_Str</STRONG> (ARM, 408 bytes, Stack size 40 bytes, gen_std_lib_part_2.o(i.Print_Str))
<BR><BR>[Stack]<UL><LI>Max Depth = 72<LI>Call Chain = Print_Str &rArr; Str_Len &rArr; Error_or_Warning_Proc &rArr;  Comm_Error_Proc (Cycle)
</UL>
<BR>[Calls]<UL><LI><a href="#[96]">&gt;&gt;</a>&nbsp;&nbsp;&nbsp;Print_Char
<LI><a href="#[5f]">&gt;&gt;</a>&nbsp;&nbsp;&nbsp;Str_Len
<LI><a href="#[45]">&gt;&gt;</a>&nbsp;&nbsp;&nbsp;Error_or_Warning_Proc
</UL>
<BR>[Called By]<UL><LI><a href="#[9a]">&gt;&gt;</a>&nbsp;&nbsp;&nbsp;Print_Real_Num
<LI><a href="#[98]">&gt;&gt;</a>&nbsp;&nbsp;&nbsp;Print_Num
<LI><a href="#[95]">&gt;&gt;</a>&nbsp;&nbsp;&nbsp;Print_Data
</UL>

<P><STRONG><a name="[b2]"></a>Scan_Data</STRONG> (ARM, 4636 bytes, Stack size 416 bytes, gen_std_lib_part_2.o(i.Scan_Data))
<BR><BR>[Stack]<UL><LI>Max Depth = 584 + Unknown Stack Size
<LI>Call Chain = Scan_Data &rArr; Str_To_Real_Num_Conv &rArr; Power_Of &rArr; __aeabi_dmul
</UL>
<BR>[Calls]<UL><LI><a href="#[b6]">&gt;&gt;</a>&nbsp;&nbsp;&nbsp;Str_To_Real_Num_Conv
<LI><a href="#[b3]">&gt;&gt;</a>&nbsp;&nbsp;&nbsp;Scan_Input_Limit_Chars
<LI><a href="#[b4]">&gt;&gt;</a>&nbsp;&nbsp;&nbsp;strtoul
<LI><a href="#[b5]">&gt;&gt;</a>&nbsp;&nbsp;&nbsp;strtoq
<LI><a href="#[5f]">&gt;&gt;</a>&nbsp;&nbsp;&nbsp;Str_Len
<LI><a href="#[45]">&gt;&gt;</a>&nbsp;&nbsp;&nbsp;Error_or_Warning_Proc
<LI><a href="#[ab]">&gt;&gt;</a>&nbsp;&nbsp;&nbsp;__aeabi_memclr4
<LI><a href="#[46]">&gt;&gt;</a>&nbsp;&nbsp;&nbsp;__aeabi_memcpy
<LI><a href="#[34]">&gt;&gt;</a>&nbsp;&nbsp;&nbsp;__rt_ctype_table
</UL>
<BR>[Called By]<UL><LI><a href="#[50]">&gt;&gt;</a>&nbsp;&nbsp;&nbsp;Str_Scan
</UL>

<P><STRONG><a name="[b3]"></a>Scan_Input_Limit_Chars</STRONG> (ARM, 232 bytes, Stack size 24 bytes, gen_std_lib_part_2.o(i.Scan_Input_Limit_Chars))
<BR><BR>[Stack]<UL><LI>Max Depth = 24 + Unknown Stack Size
<LI>Call Chain = Scan_Input_Limit_Chars
</UL>
<BR>[Calls]<UL><LI><a href="#[37]">&gt;&gt;</a>&nbsp;&nbsp;&nbsp;__aeabi_memset
</UL>
<BR>[Called By]<UL><LI><a href="#[b2]">&gt;&gt;</a>&nbsp;&nbsp;&nbsp;Scan_Data
</UL>

<P><STRONG><a name="[64]"></a>Config_GPIO_Func_Set</STRONG> (ARM, 1380 bytes, Stack size 24 bytes, io_lib.o(i.Config_GPIO_Func_Set))
<BR><BR>[Stack]<UL><LI>Max Depth = 80<LI>Call Chain = Config_GPIO_Func_Set &rArr; GPIO_Func_Set &rArr; Error_or_Warning_Proc &rArr;  Comm_Error_Proc (Cycle)
</UL>
<BR>[Calls]<UL><LI><a href="#[65]">&gt;&gt;</a>&nbsp;&nbsp;&nbsp;GPIO_Func_Set
<LI><a href="#[45]">&gt;&gt;</a>&nbsp;&nbsp;&nbsp;Error_or_Warning_Proc
</UL>
<BR>[Called By]<UL><LI><a href="#[80]">&gt;&gt;</a>&nbsp;&nbsp;&nbsp;IO_Channels_Func_Set
</UL>

<P><STRONG><a name="[67]"></a>Config_Port_Pin_Validate</STRONG> (ARM, 236 bytes, Stack size 16 bytes, io_lib.o(i.Config_Port_Pin_Validate))
<BR><BR>[Stack]<UL><LI>Max Depth = 472 + Unknown Stack Size
<LI>Call Chain = Config_Port_Pin_Validate &rArr; IO_Ch_Validate &rArr; Print &rArr; VFile_Print &rArr; Print_Data &rArr; Print_Real_Num &rArr; Real_Num_To_Str_Conv &rArr; Int_To_Str &rArr; Reverse_Str_Use_Same_Str &rArr; Str_Len &rArr; Error_or_Warning_Proc &rArr;  Comm_Error_Proc (Cycle)
</UL>
<BR>[Calls]<UL><LI><a href="#[5b]">&gt;&gt;</a>&nbsp;&nbsp;&nbsp;IO_Ch_Validate
<LI><a href="#[45]">&gt;&gt;</a>&nbsp;&nbsp;&nbsp;Error_or_Warning_Proc
</UL>
<BR>[Called By]<UL><LI><a href="#[91]">&gt;&gt;</a>&nbsp;&nbsp;&nbsp;Non_GPIO_Func_Set
</UL>

<P><STRONG><a name="[72]"></a>Debug_IO_Func_Set_Validate</STRONG> (ARM, 128 bytes, Stack size 8 bytes, io_lib.o(i.Debug_IO_Func_Set_Validate))
<BR><BR>[Stack]<UL><LI>Max Depth = 24<LI>Call Chain = Debug_IO_Func_Set_Validate &rArr; Error_or_Warning_Proc &rArr;  Comm_Error_Proc (Cycle)
</UL>
<BR>[Calls]<UL><LI><a href="#[45]">&gt;&gt;</a>&nbsp;&nbsp;&nbsp;Error_or_Warning_Proc
</UL>
<BR>[Called By]<UL><LI><a href="#[80]">&gt;&gt;</a>&nbsp;&nbsp;&nbsp;IO_Channels_Func_Set
</UL>

<P><STRONG><a name="[65]"></a>GPIO_Func_Set</STRONG> (ARM, 668 bytes, Stack size 40 bytes, io_lib.o(i.GPIO_Func_Set))
<BR><BR>[Stack]<UL><LI>Max Depth = 56<LI>Call Chain = GPIO_Func_Set &rArr; Error_or_Warning_Proc &rArr;  Comm_Error_Proc (Cycle)
</UL>
<BR>[Calls]<UL><LI><a href="#[45]">&gt;&gt;</a>&nbsp;&nbsp;&nbsp;Error_or_Warning_Proc
</UL>
<BR>[Called By]<UL><LI><a href="#[7e]">&gt;&gt;</a>&nbsp;&nbsp;&nbsp;IO_Ch_Func_Reset
<LI><a href="#[64]">&gt;&gt;</a>&nbsp;&nbsp;&nbsp;Config_GPIO_Func_Set
</UL>

<P><STRONG><a name="[81]"></a>Trace_IO_Func_Set_Validate</STRONG> (ARM, 128 bytes, Stack size 8 bytes, io_lib.o(i.Trace_IO_Func_Set_Validate))
<BR><BR>[Stack]<UL><LI>Max Depth = 24<LI>Call Chain = Trace_IO_Func_Set_Validate &rArr; Error_or_Warning_Proc &rArr;  Comm_Error_Proc (Cycle)
</UL>
<BR>[Calls]<UL><LI><a href="#[45]">&gt;&gt;</a>&nbsp;&nbsp;&nbsp;Error_or_Warning_Proc
</UL>
<BR>[Called By]<UL><LI><a href="#[80]">&gt;&gt;</a>&nbsp;&nbsp;&nbsp;IO_Channels_Func_Set
</UL>

<P><STRONG><a name="[b1]"></a>Reset_Src_Interrupt_Data_Arr_By_Specific_Index</STRONG> (ARM, 120 bytes, Stack size 8 bytes, isr.o(i.Reset_Src_Interrupt_Data_Arr_By_Specific_Index))
<BR><BR>[Stack]<UL><LI>Max Depth = 24<LI>Call Chain = Reset_Src_Interrupt_Data_Arr_By_Specific_Index &rArr; Error_or_Warning_Proc &rArr;  Comm_Error_Proc (Cycle)
</UL>
<BR>[Calls]<UL><LI><a href="#[45]">&gt;&gt;</a>&nbsp;&nbsp;&nbsp;Error_or_Warning_Proc
</UL>
<BR>[Called By]<UL><LI><a href="#[6d]">&gt;&gt;</a>&nbsp;&nbsp;&nbsp;Reset_Src_Interrupt_Data_Arr
</UL>

<P><STRONG><a name="[73]"></a>Error_or_Warning_LCD_Proc</STRONG> (ARM, 148 bytes, Stack size 16 bytes, lcd.o(i.Error_or_Warning_LCD_Proc))
<BR><BR>[Stack]<UL><LI>Max Depth = 856 + Unknown Stack Size
<LI>Call Chain = Error_or_Warning_LCD_Proc &rArr; Comm_Error_Proc &rArr; LCD_Disp_Num &rArr;  Error_or_Warning_LCD_Proc (Cycle)
</UL>
<BR>[Calls]<UL><LI><a href="#[5c]">&gt;&gt;</a>&nbsp;&nbsp;&nbsp;Comm_Error_Proc
<LI><a href="#[45]">&gt;&gt;</a>&nbsp;&nbsp;&nbsp;Error_or_Warning_Proc
<LI><a href="#[74]">&gt;&gt;</a>&nbsp;&nbsp;&nbsp;Error_or_Warning_Occured_Proc
</UL>
<BR>[Called By]<UL><LI><a href="#[61]">&gt;&gt;</a>&nbsp;&nbsp;&nbsp;LCD_Disp_Num
<LI><a href="#[60]">&gt;&gt;</a>&nbsp;&nbsp;&nbsp;LCD_Disp_Char
<LI><a href="#[11]">&gt;&gt;</a>&nbsp;&nbsp;&nbsp;LCD_Write
<LI><a href="#[d]">&gt;&gt;</a>&nbsp;&nbsp;&nbsp;LCD_No_Access
<LI><a href="#[f]">&gt;&gt;</a>&nbsp;&nbsp;&nbsp;LCD_Disable
<LI><a href="#[b]">&gt;&gt;</a>&nbsp;&nbsp;&nbsp;LCD_DeInit
<LI><a href="#[e]">&gt;&gt;</a>&nbsp;&nbsp;&nbsp;LCD_Allow_Access
<LI><a href="#[c]">&gt;&gt;</a>&nbsp;&nbsp;&nbsp;LCD_Init
<LI><a href="#[10]">&gt;&gt;</a>&nbsp;&nbsp;&nbsp;LCD_Enable
<LI><a href="#[4e]">&gt;&gt;</a>&nbsp;&nbsp;&nbsp;LCD_Disp_Str
<LI><a href="#[4d]">&gt;&gt;</a>&nbsp;&nbsp;&nbsp;LCD_Disp_Goto_XY
<LI><a href="#[af]">&gt;&gt;</a>&nbsp;&nbsp;&nbsp;Reset_LCD_Cur_Data_Status_Para
<LI><a href="#[a8]">&gt;&gt;</a>&nbsp;&nbsp;&nbsp;Reset_LCD_Ch
<LI><a href="#[a7]">&gt;&gt;</a>&nbsp;&nbsp;&nbsp;Reset_All_LCD_Chs
<LI><a href="#[8e]">&gt;&gt;</a>&nbsp;&nbsp;&nbsp;LCD_Write_Command_NO_BF
<LI><a href="#[88]">&gt;&gt;</a>&nbsp;&nbsp;&nbsp;LCD_Write_Command
<LI><a href="#[8a]">&gt;&gt;</a>&nbsp;&nbsp;&nbsp;LCD_From_Loc_to_XY
<LI><a href="#[87]">&gt;&gt;</a>&nbsp;&nbsp;&nbsp;LCD_Clear_Screen
<LI><a href="#[8b]">&gt;&gt;</a>&nbsp;&nbsp;&nbsp;LCD_Write_Data_to_IO_Ch
<LI><a href="#[90]">&gt;&gt;</a>&nbsp;&nbsp;&nbsp;LCD_Read_Data_from_IO_Ch
<LI><a href="#[86]">&gt;&gt;</a>&nbsp;&nbsp;&nbsp;LCD_Read_Command
<LI><a href="#[85]">&gt;&gt;</a>&nbsp;&nbsp;&nbsp;LCD_Check_Busy
</UL>

<P><STRONG><a name="[85]"></a>LCD_Check_Busy</STRONG> (ARM, 1080 bytes, Stack size 32 bytes, lcd.o(i.LCD_Check_Busy))
<BR><BR>[Stack]<UL><LI>Max Depth = 624 + Unknown Stack Size
 + In Cycle
<LI>Call Chain = LCD_Check_Busy &rArr;  Error_or_Warning_LCD_Proc (Cycle)
</UL>
<BR>[Calls]<UL><LI><a href="#[80]">&gt;&gt;</a>&nbsp;&nbsp;&nbsp;IO_Channels_Func_Set
<LI><a href="#[7e]">&gt;&gt;</a>&nbsp;&nbsp;&nbsp;IO_Ch_Func_Reset
<LI><a href="#[5d]">&gt;&gt;</a>&nbsp;&nbsp;&nbsp;IO_Channel_Write
<LI><a href="#[86]">&gt;&gt;</a>&nbsp;&nbsp;&nbsp;LCD_Read_Command
<LI><a href="#[73]">&gt;&gt;</a>&nbsp;&nbsp;&nbsp;Error_or_Warning_LCD_Proc
</UL>
<BR>[Called By]<UL><LI><a href="#[60]">&gt;&gt;</a>&nbsp;&nbsp;&nbsp;LCD_Disp_Char
<LI><a href="#[88]">&gt;&gt;</a>&nbsp;&nbsp;&nbsp;LCD_Write_Command
</UL>

<P><STRONG><a name="[86]"></a>LCD_Read_Command</STRONG> (ARM, 936 bytes, Stack size 24 bytes, lcd.o(i.LCD_Read_Command))
<BR><BR>[Stack]<UL><LI>Max Depth = 592 + Unknown Stack Size
 + In Cycle
<LI>Call Chain = LCD_Read_Command &rArr;  Error_or_Warning_LCD_Proc (Cycle)
</UL>
<BR>[Calls]<UL><LI><a href="#[5d]">&gt;&gt;</a>&nbsp;&nbsp;&nbsp;IO_Channel_Write
<LI><a href="#[89]">&gt;&gt;</a>&nbsp;&nbsp;&nbsp;Delay_MS
<LI><a href="#[45]">&gt;&gt;</a>&nbsp;&nbsp;&nbsp;Error_or_Warning_Proc
<LI><a href="#[90]">&gt;&gt;</a>&nbsp;&nbsp;&nbsp;LCD_Read_Data_from_IO_Ch
<LI><a href="#[73]">&gt;&gt;</a>&nbsp;&nbsp;&nbsp;Error_or_Warning_LCD_Proc
</UL>
<BR>[Called By]<UL><LI><a href="#[85]">&gt;&gt;</a>&nbsp;&nbsp;&nbsp;LCD_Check_Busy
</UL>

<P><STRONG><a name="[90]"></a>LCD_Read_Data_from_IO_Ch</STRONG> (ARM, 296 bytes, Stack size 32 bytes, lcd.o(i.LCD_Read_Data_from_IO_Ch))
<BR><BR>[Stack]<UL><LI>Max Depth = 568 + Unknown Stack Size
 + In Cycle
<LI>Call Chain = LCD_Read_Data_from_IO_Ch &rArr;  Error_or_Warning_LCD_Proc (Cycle)
</UL>
<BR>[Calls]<UL><LI><a href="#[7f]">&gt;&gt;</a>&nbsp;&nbsp;&nbsp;IO_Channel_Read
<LI><a href="#[73]">&gt;&gt;</a>&nbsp;&nbsp;&nbsp;Error_or_Warning_LCD_Proc
</UL>
<BR>[Called By]<UL><LI><a href="#[86]">&gt;&gt;</a>&nbsp;&nbsp;&nbsp;LCD_Read_Command
</UL>

<P><STRONG><a name="[8b]"></a>LCD_Write_Data_to_IO_Ch</STRONG> (ARM, 308 bytes, Stack size 32 bytes, lcd.o(i.LCD_Write_Data_to_IO_Ch))
<BR><BR>[Stack]<UL><LI>Max Depth = 568 + Unknown Stack Size
 + In Cycle
<LI>Call Chain = LCD_Write_Data_to_IO_Ch &rArr;  Error_or_Warning_LCD_Proc (Cycle)
</UL>
<BR>[Calls]<UL><LI><a href="#[5d]">&gt;&gt;</a>&nbsp;&nbsp;&nbsp;IO_Channel_Write
<LI><a href="#[49]">&gt;&gt;</a>&nbsp;&nbsp;&nbsp;Print
<LI><a href="#[73]">&gt;&gt;</a>&nbsp;&nbsp;&nbsp;Error_or_Warning_LCD_Proc
</UL>
<BR>[Called By]<UL><LI><a href="#[60]">&gt;&gt;</a>&nbsp;&nbsp;&nbsp;LCD_Disp_Char
<LI><a href="#[8e]">&gt;&gt;</a>&nbsp;&nbsp;&nbsp;LCD_Write_Command_NO_BF
<LI><a href="#[88]">&gt;&gt;</a>&nbsp;&nbsp;&nbsp;LCD_Write_Command
</UL>

<P><STRONG><a name="[7b]"></a>HW_Init</STRONG> (ARM, 92 bytes, Stack size 8 bytes, main.o(i.HW_Init))
<BR><BR>[Stack]<UL><LI>Max Depth = 920 + Unknown Stack Size
<LI>Call Chain = HW_Init &rArr; Appl_HW_Init &rArr; LCD_Init &rArr; LCD_Write_Command_NO_BF &rArr; Error_or_Warning_LCD_Proc &rArr; Comm_Error_Proc &rArr; LCD_Disp_Num &rArr;  Error_or_Warning_LCD_Proc (Cycle)
</UL>
<BR>[Calls]<UL><LI><a href="#[7d]">&gt;&gt;</a>&nbsp;&nbsp;&nbsp;Reset_IO_Chs
<LI><a href="#[45]">&gt;&gt;</a>&nbsp;&nbsp;&nbsp;Error_or_Warning_Proc
<LI><a href="#[47]">&gt;&gt;</a>&nbsp;&nbsp;&nbsp;Appl_HW_Init
<LI><a href="#[7c]">&gt;&gt;</a>&nbsp;&nbsp;&nbsp;PLL_Init
</UL>
<BR>[Called By]<UL><LI><a href="#[b9]">&gt;&gt;</a>&nbsp;&nbsp;&nbsp;System_Init
</UL>

<P><STRONG><a name="[7c]"></a>PLL_Init</STRONG> (ARM, 100 bytes, Stack size 0 bytes, main.o(i.PLL_Init))
<BR><BR>[Called By]<UL><LI><a href="#[7b]">&gt;&gt;</a>&nbsp;&nbsp;&nbsp;HW_Init
</UL>

<P><STRONG><a name="[b9]"></a>System_Init</STRONG> (ARM, 216 bytes, Stack size 8 bytes, main.o(i.System_Init))
<BR><BR>[Stack]<UL><LI>Max Depth = 928 + Unknown Stack Size
<LI>Call Chain = System_Init &rArr; Reset_Process &rArr; Reset_All_LCD_Chs &rArr; Reset_LCD_Ch &rArr; Reset_LCD_Cur_Data_Status_Para &rArr; Error_or_Warning_LCD_Proc &rArr; Comm_Error_Proc &rArr; LCD_Disp_Num &rArr;  Error_or_Warning_LCD_Proc (Cycle)
</UL>
<BR>[Calls]<UL><LI><a href="#[71]">&gt;&gt;</a>&nbsp;&nbsp;&nbsp;Data_IDs_Set_Para
<LI><a href="#[45]">&gt;&gt;</a>&nbsp;&nbsp;&nbsp;Error_or_Warning_Proc
<LI><a href="#[b0]">&gt;&gt;</a>&nbsp;&nbsp;&nbsp;Reset_Process
<LI><a href="#[7b]">&gt;&gt;</a>&nbsp;&nbsp;&nbsp;HW_Init
</UL>
<BR>[Called By]<UL><LI><a href="#[20]">&gt;&gt;</a>&nbsp;&nbsp;&nbsp;main
</UL>

<P><STRONG><a name="[75]"></a>Error_or_Warning_UART_Proc</STRONG> (ARM, 148 bytes, Stack size 16 bytes, uart.o(i.Error_or_Warning_UART_Proc))
<BR><BR>[Stack]<UL><LI>Max Depth = 32 + In Cycle
<LI>Call Chain = Error_or_Warning_UART_Proc &rArr;  Comm_Error_Proc (Cycle)
</UL>
<BR>[Calls]<UL><LI><a href="#[5c]">&gt;&gt;</a>&nbsp;&nbsp;&nbsp;Comm_Error_Proc
<LI><a href="#[45]">&gt;&gt;</a>&nbsp;&nbsp;&nbsp;Error_or_Warning_Proc
<LI><a href="#[74]">&gt;&gt;</a>&nbsp;&nbsp;&nbsp;Error_or_Warning_Occured_Proc
</UL>
<BR>[Called By]<UL><LI><a href="#[9c]">&gt;&gt;</a>&nbsp;&nbsp;&nbsp;Put_Char
<LI><a href="#[5e]">&gt;&gt;</a>&nbsp;&nbsp;&nbsp;UART_Transmit_Str
<LI><a href="#[62]">&gt;&gt;</a>&nbsp;&nbsp;&nbsp;UART_Transmit_Num
<LI><a href="#[a]">&gt;&gt;</a>&nbsp;&nbsp;&nbsp;UART_Transmit
<LI><a href="#[9]">&gt;&gt;</a>&nbsp;&nbsp;&nbsp;UART_Receive_Char
<LI><a href="#[5]">&gt;&gt;</a>&nbsp;&nbsp;&nbsp;UART_No_Access
<LI><a href="#[7]">&gt;&gt;</a>&nbsp;&nbsp;&nbsp;UART_Disable
<LI><a href="#[3]">&gt;&gt;</a>&nbsp;&nbsp;&nbsp;UART_DeInit
<LI><a href="#[6]">&gt;&gt;</a>&nbsp;&nbsp;&nbsp;UART_Allow_Access
<LI><a href="#[13]">&gt;&gt;</a>&nbsp;&nbsp;&nbsp;UART_Transmit_Enable_Ctrl
<LI><a href="#[56]">&gt;&gt;</a>&nbsp;&nbsp;&nbsp;UART_Transmit_Ctrl_Proc
<LI><a href="#[57]">&gt;&gt;</a>&nbsp;&nbsp;&nbsp;UART_Transmit_Char
<LI><a href="#[12]">&gt;&gt;</a>&nbsp;&nbsp;&nbsp;UART_Receive_Enable_Ctrl
<LI><a href="#[4]">&gt;&gt;</a>&nbsp;&nbsp;&nbsp;UART_Init
<LI><a href="#[8]">&gt;&gt;</a>&nbsp;&nbsp;&nbsp;UART_Enable
<LI><a href="#[aa]">&gt;&gt;</a>&nbsp;&nbsp;&nbsp;Reset_UART_Ch
</UL>

<P><STRONG><a name="[42]"></a>__arm_div8</STRONG> (ARM, 0 bytes, Stack size unknown bytes, aeabi_sdiv.o(.text))
<BR><BR>[Called By]<UL><LI><a href="#[3f]">&gt;&gt;</a>&nbsp;&nbsp;&nbsp;__aeabi_uidivmod
</UL>

<P><STRONG><a name="[41]"></a>__arm_div5</STRONG> (ARM, 0 bytes, Stack size unknown bytes, aeabi_sdiv.o(.text))
<BR><BR>[Called By]<UL><LI><a href="#[3f]">&gt;&gt;</a>&nbsp;&nbsp;&nbsp;__aeabi_uidivmod
</UL>

<P><STRONG><a name="[40]"></a>__arm_div2</STRONG> (ARM, 0 bytes, Stack size unknown bytes, aeabi_sdiv.o(.text))
<BR><BR>[Called By]<UL><LI><a href="#[3f]">&gt;&gt;</a>&nbsp;&nbsp;&nbsp;__aeabi_uidivmod
</UL>

<P><STRONG><a name="[43]"></a>__arm_div_large</STRONG> (ARM, 0 bytes, Stack size unknown bytes, aeabi_sdiv.o(.text))
<BR><BR>[Called By]<UL><LI><a href="#[3f]">&gt;&gt;</a>&nbsp;&nbsp;&nbsp;__aeabi_uidivmod
</UL>

<P><STRONG><a name="[cb]"></a>_dadd1</STRONG> (ARM, 0 bytes, Stack size unknown bytes, daddsub_noclz.o(x$fpl$dadd), UNUSED)
<BR><BR>[Called By]<UL><LI><a href="#[cc]">&gt;&gt;</a>&nbsp;&nbsp;&nbsp;_dsub
<LI><a href="#[ca]">&gt;&gt;</a>&nbsp;&nbsp;&nbsp;_drsb
</UL>

<P><STRONG><a name="[c0]"></a>_dsub1</STRONG> (ARM, 0 bytes, Stack size unknown bytes, daddsub_noclz.o(x$fpl$dsub), UNUSED)
<BR><BR>[Called By]<UL><LI><a href="#[ca]">&gt;&gt;</a>&nbsp;&nbsp;&nbsp;_drsb
<LI><a href="#[bf]">&gt;&gt;</a>&nbsp;&nbsp;&nbsp;_dadd
</UL>

<P><STRONG><a name="[d6]"></a>_fadd1</STRONG> (ARM, 0 bytes, Stack size unknown bytes, faddsub_noclz.o(x$fpl$fadd), UNUSED)
<BR><BR>[Called By]<UL><LI><a href="#[d7]">&gt;&gt;</a>&nbsp;&nbsp;&nbsp;_fsub
<LI><a href="#[d5]">&gt;&gt;</a>&nbsp;&nbsp;&nbsp;_frsb
</UL>

<P><STRONG><a name="[d0]"></a>_fsub1</STRONG> (ARM, 0 bytes, Stack size unknown bytes, faddsub_noclz.o(x$fpl$fsub), UNUSED)
<BR><BR>[Called By]<UL><LI><a href="#[d5]">&gt;&gt;</a>&nbsp;&nbsp;&nbsp;_frsb
<LI><a href="#[cf]">&gt;&gt;</a>&nbsp;&nbsp;&nbsp;_fadd
</UL>
<P>
<H3>
Undefined Global Symbols
</H3>
<P><STRONG><a name="[3d]"></a>_call_atexit_fns</STRONG> (ARM, 0 bytes, Stack size 0 bytes, UNDEFINED)
<BR><BR>[Called By]<UL><LI><a href="#[2f]">&gt;&gt;</a>&nbsp;&nbsp;&nbsp;exit
</UL>
<HR></body></html>
